MPLINK 5.00, LINKER
Linker Map File - Created Wed Feb 27 03:46:26 1980

                                 Section Info
                  Section       Type    Address   Location Size(Bytes)
                ---------  ---------  ---------  ---------  ---------
               _entry_scn       code   0x000000    program   0x000006
                   .cinit    romdata   0x000006    program   0x000002
         .code_vfprintf.o       code   0x000008    program   0x000c22
             .code_uart.o       code   0x000c2a    program   0x000110
          .code_sprintf.o       code   0x000d3a    program   0x0000ac
               _cinit_scn       code   0x000de6    program   0x00009e
             .code_putc.o       code   0x000e84    program   0x000084
          .code_fxm3232.o       code   0x000f08    program   0x000070
                   STRING       code   0x000f78    program   0x000066
                     PROG       code   0x000fde    program   0x00005a
             .code_main.o       code   0x001038    program   0x000056
         .code_fxd3232u.o       code   0x00108e    program   0x000048
                    CTYPE       code   0x0010d6    program   0x000024
                    .code       code   0x0010fa    program   0x000020
             _startup_scn       code   0x00111a    program   0x00001c
                    STDIO       code   0x001136    program   0x00001c
      .romdata_vfprintf.o    romdata   0x001152    program   0x000011
             .stringtable    romdata   0x001163    program   0x00000b
       .code__user_putc.o       code   0x00116e    program   0x000002
           .code___init.o       code   0x001170    program   0x000002
    .romdata__user_putc.o    romdata   0x001172    program   0x000000
       .idata_fxm3232.o_i    romdata   0x001172    program   0x000000
       .romdata_fxm3232.o    romdata   0x001172    program   0x000000
    .idata__user_putc.o_i    romdata   0x001172    program   0x000000
          .idata_putc.o_i    romdata   0x001172    program   0x000000
          .romdata_putc.o    romdata   0x001172    program   0x000000
         .idata_c018i.o_i    romdata   0x001172    program   0x000000
         .romdata_c018i.o    romdata   0x001172    program   0x000000
            .code_c018i.o       code   0x001172    program   0x000000
          .idata_main.o_i    romdata   0x001172    program   0x000000
          .romdata_main.o    romdata   0x001172    program   0x000000
          .idata_uart.o_i    romdata   0x001172    program   0x000000
          .romdata_uart.o    romdata   0x001172    program   0x000000
           .idata_def.o_i    romdata   0x001172    program   0x000000
           .romdata_def.o    romdata   0x001172    program   0x000000
              .code_def.o       code   0x001172    program   0x000000
      .idata_fxd3232u.o_i    romdata   0x001172    program   0x000000
      .romdata_fxd3232u.o    romdata   0x001172    program   0x000000
        .idata___init.o_i    romdata   0x001172    program   0x000000
        .romdata___init.o    romdata   0x001172    program   0x000000
       .idata_sprintf.o_i    romdata   0x001172    program   0x000000
       .romdata_sprintf.o    romdata   0x001172    program   0x000000
      .idata_vfprintf.o_i    romdata   0x001172    program   0x000000
                MATH_DATA      udata   0x000000       data   0x000014
                 .tmpdata      udata   0x000014       data   0x000007
             .udata_def.o      udata   0x000060       data   0x000040
           .udata_c018i.o      udata   0x0000a0       data   0x00000a
        .idata_vfprintf.o      idata   0x0000aa       data   0x000000
        .udata_vfprintf.o      udata   0x0000aa       data   0x000000
         .idata_sprintf.o      idata   0x0000aa       data   0x000000
         .udata_sprintf.o      udata   0x0000aa       data   0x000000
          .idata___init.o      idata   0x0000aa       data   0x000000
          .udata___init.o      udata   0x0000aa       data   0x000000
        .idata_fxd3232u.o      idata   0x0000aa       data   0x000000
        .udata_fxd3232u.o      udata   0x0000aa       data   0x000000
         .udata_fxm3232.o      udata   0x0000aa       data   0x000000
         .idata_fxm3232.o      idata   0x0000aa       data   0x000000
            .udata_putc.o      udata   0x0000aa       data   0x000000
            .idata_putc.o      idata   0x0000aa       data   0x000000
      .udata__user_putc.o      udata   0x0000aa       data   0x000000
      .idata__user_putc.o      idata   0x0000aa       data   0x000000
             .idata_def.o      idata   0x0000aa       data   0x000000
            .idata_uart.o      idata   0x0000aa       data   0x000000
            .udata_uart.o      udata   0x0000aa       data   0x000000
            .idata_main.o      idata   0x0000aa       data   0x000000
            .udata_main.o      udata   0x0000aa       data   0x000000
           .idata_c018i.o      idata   0x0000aa       data   0x000000
                   .stack      udata   0x000700       data   0x000100
              SFR_BANKED0      udata   0x000ef4       data   0x000007
              SFR_BANKED1      udata   0x000efc       data   0x000004
              SFR_BANKED2      udata   0x000f00       data   0x000026
              SFR_BANKED3      udata   0x000f27       data   0x000009
              SFR_BANKED4      udata   0x000f36       data   0x000006
              SFR_BANKED5      udata   0x000f46       data   0x00001a
            SFR_UNBANKED0      udata   0x000f60       data   0x0000a0



                              Program Memory Usage 
                               Start         End      
                           ---------   ---------      
                            0x000000    0x001171      
            4466 out of 33816 program addresses used, program memory utilization is 13%



                              Symbols - Sorted by Name
                     Name    Address   Location    Storage File                     
                ---------  ---------  ---------  --------- ---------                
                 FXD3232U   0x00108e    program     extern E:\3.46\pic18-lt\cxx-framework\src\traditional\math\fxd3232u.c
                 FXM1616S   0x000fde    program     extern E:\3.46\pic18-lt\cxx-framework\src\traditional\math\fxm1616s.asm
                  FXM3232   0x000f08    program     extern E:\3.46\pic18-lt\cxx-framework\src\traditional\math\fxm3232.c
               Print_UART   0x000c2a    program     extern G:\uartcode\uart.c       
               TSIGN1616A   0x00102a    program     static E:\3.46\pic18-lt\cxx-framework\src\traditional\math\fxm1616s.asm
                UART_Init   0x000c80    program     extern G:\uartcode\uart.c       
                   _2jEnd   0x000fc8    program     static E:\3.46\pic18-lt\cxx-framework\src\traditional\stdclib\slenpgm.asm
       ___return_lbl00000   0x000f76    program     static                          
       ___return_lbl00000   0x000004    program     static                          
       ___return_lbl00000   0x0010d4    program     static                          
       ___return_lbl00001   0x001134    program     static                          
       ___return_lbl00002   0x000e82    program     static                          
                   __init   0x001170    program     extern E:\3.46\pic18-lt\cxx-framework\src\traditional\stdclib\__init.c
                   __pa_0   0x000948    program     static E:\3.46\pic18-lt\cxx-framework\src\traditional\stdclib\vfprintf.c
                   __pa_1   0x000950    program     static E:\3.46\pic18-lt\cxx-framework\src\traditional\stdclib\vfprintf.c
                  __pa_10   0x000a04    program     static E:\3.46\pic18-lt\cxx-framework\src\traditional\stdclib\vfprintf.c
                  __pa_11   0x000a12    program     static E:\3.46\pic18-lt\cxx-framework\src\traditional\stdclib\vfprintf.c
                  __pa_12   0x000a28    program     static E:\3.46\pic18-lt\cxx-framework\src\traditional\stdclib\vfprintf.c
                  __pa_13   0x000a42    program     static E:\3.46\pic18-lt\cxx-framework\src\traditional\stdclib\vfprintf.c
                  __pa_14   0x000a5a    program     static E:\3.46\pic18-lt\cxx-framework\src\traditional\stdclib\vfprintf.c
                  __pa_15   0x000a6a    program     static E:\3.46\pic18-lt\cxx-framework\src\traditional\stdclib\vfprintf.c
                  __pa_16   0x000a80    program     static E:\3.46\pic18-lt\cxx-framework\src\traditional\stdclib\vfprintf.c
                  __pa_17   0x000a92    program     static E:\3.46\pic18-lt\cxx-framework\src\traditional\stdclib\vfprintf.c
                  __pa_18   0x000aa4    program     static E:\3.46\pic18-lt\cxx-framework\src\traditional\stdclib\vfprintf.c
                  __pa_19   0x000aae    program     static E:\3.46\pic18-lt\cxx-framework\src\traditional\stdclib\vfprintf.c
                   __pa_2   0x00095a    program     static E:\3.46\pic18-lt\cxx-framework\src\traditional\stdclib\vfprintf.c
                  __pa_20   0x000abe    program     static E:\3.46\pic18-lt\cxx-framework\src\traditional\stdclib\vfprintf.c
                  __pa_21   0x000ace    program     static E:\3.46\pic18-lt\cxx-framework\src\traditional\stdclib\vfprintf.c
                  __pa_22   0x000ade    program     static E:\3.46\pic18-lt\cxx-framework\src\traditional\stdclib\vfprintf.c
                  __pa_23   0x000aea    program     static E:\3.46\pic18-lt\cxx-framework\src\traditional\stdclib\vfprintf.c
                  __pa_24   0x000af8    program     static E:\3.46\pic18-lt\cxx-framework\src\traditional\stdclib\vfprintf.c
                  __pa_25   0x000b00    program     static E:\3.46\pic18-lt\cxx-framework\src\traditional\stdclib\vfprintf.c
                  __pa_26   0x000b0a    program     static E:\3.46\pic18-lt\cxx-framework\src\traditional\stdclib\vfprintf.c
                  __pa_27   0x000b14    program     static E:\3.46\pic18-lt\cxx-framework\src\traditional\stdclib\vfprintf.c
                  __pa_28   0x000b1c    program     static E:\3.46\pic18-lt\cxx-framework\src\traditional\stdclib\vfprintf.c
                  __pa_29   0x000b2a    program     static E:\3.46\pic18-lt\cxx-framework\src\traditional\stdclib\vfprintf.c
                   __pa_3   0x000964    program     static E:\3.46\pic18-lt\cxx-framework\src\traditional\stdclib\vfprintf.c
                  __pa_30   0x000b46    program     static E:\3.46\pic18-lt\cxx-framework\src\traditional\stdclib\vfprintf.c
                  __pa_31   0x000b60    program     static E:\3.46\pic18-lt\cxx-framework\src\traditional\stdclib\vfprintf.c
                  __pa_32   0x000b7a    program     static E:\3.46\pic18-lt\cxx-framework\src\traditional\stdclib\vfprintf.c
                  __pa_33   0x000b92    program     static E:\3.46\pic18-lt\cxx-framework\src\traditional\stdclib\vfprintf.c
                  __pa_34   0x000b9c    program     static E:\3.46\pic18-lt\cxx-framework\src\traditional\stdclib\vfprintf.c
                  __pa_35   0x000baa    program     static E:\3.46\pic18-lt\cxx-framework\src\traditional\stdclib\vfprintf.c
                  __pa_36   0x000bb2    program     static E:\3.46\pic18-lt\cxx-framework\src\traditional\stdclib\vfprintf.c
                  __pa_37   0x000bbc    program     static E:\3.46\pic18-lt\cxx-framework\src\traditional\stdclib\vfprintf.c
                  __pa_38   0x000bcc    program     static E:\3.46\pic18-lt\cxx-framework\src\traditional\stdclib\vfprintf.c
                  __pa_39   0x000bda    program     static E:\3.46\pic18-lt\cxx-framework\src\traditional\stdclib\vfprintf.c
                   __pa_4   0x00097c    program     static E:\3.46\pic18-lt\cxx-framework\src\traditional\stdclib\vfprintf.c
                  __pa_40   0x000be6    program     static E:\3.46\pic18-lt\cxx-framework\src\traditional\stdclib\vfprintf.c
                  __pa_41   0x000bf2    program     static E:\3.46\pic18-lt\cxx-framework\src\traditional\stdclib\vfprintf.c
                  __pa_42   0x000bfa    program     static E:\3.46\pic18-lt\cxx-framework\src\traditional\stdclib\vfprintf.c
                  __pa_43   0x000c04    program     static E:\3.46\pic18-lt\cxx-framework\src\traditional\stdclib\vfprintf.c
                  __pa_44   0x000c0a    program     static E:\3.46\pic18-lt\cxx-framework\src\traditional\stdclib\vfprintf.c
                  __pa_45   0x000c14    program     static E:\3.46\pic18-lt\cxx-framework\src\traditional\stdclib\vfprintf.c
                  __pa_46   0x000c20    program     static E:\3.46\pic18-lt\cxx-framework\src\traditional\stdclib\vfprintf.c
                   __pa_5   0x000990    program     static E:\3.46\pic18-lt\cxx-framework\src\traditional\stdclib\vfprintf.c
                   __pa_6   0x0009ac    program     static E:\3.46\pic18-lt\cxx-framework\src\traditional\stdclib\vfprintf.c
                   __pa_7   0x0009b6    program     static E:\3.46\pic18-lt\cxx-framework\src\traditional\stdclib\vfprintf.c
                   __pa_8   0x0009c2    program     static E:\3.46\pic18-lt\cxx-framework\src\traditional\stdclib\vfprintf.c
                   __pa_9   0x0009e4    program     static E:\3.46\pic18-lt\cxx-framework\src\traditional\stdclib\vfprintf.c
               __string_0   0x001163    program     static G:\uartcode\main.c       
              __tmplbl_42   0x000ade    program     static                          
              __tmplbl_43   0x000926    program     static                          
              __tmplbl_44   0x00090c    program     static                          
              __tmplbl_85   0x00005e    program     static                          
            __zero_memory   0x0010fa    program     extern E:\3.46\pic18-lt\cxx-framework\src\traditional\proc\p18f65k90.asm
                _do_cinit   0x000de6    program     extern E:\3.46\pic18-lt\cxx-framework\src\traditional\startup\c018i.c
                   _entry   0x000000    program     extern E:\3.46\pic18-lt\cxx-framework\src\traditional\startup\c018i.c
                   _false   0x0010d0    program     static                          
                 _startup   0x00111a    program     extern E:\3.46\pic18-lt\cxx-framework\src\traditional\startup\c018i.c
              _usart_putc   0x001136    program     extern E:\3.46\pic18-lt\cxx-framework\src\pmc_common\USART\_usartpc.asm
               _user_putc   0x00116e    program     extern E:\3.46\pic18-lt\cxx-framework\src\traditional\stdclib\_user_putc.c
                compare_l   0x001110    program     static E:\3.46\pic18-lt\cxx-framework\src\traditional\proc\p18f65k90.asm
                copy_loop   0x000e58    program     static                          
            copy_one_byte   0x000e5e    program     static                          
                     done   0x000e82    program     static                          
             done_copying   0x000e6c    program     static                          
                  isdigit   0x0010d6    program     extern E:\3.46\pic18-lt\cxx-framework\src\traditional\stdclib\isdigit.asm
                     jEnd   0x000f92    program     static E:\3.46\pic18-lt\cxx-framework\src\traditional\stdclib\strlen.asm
                     jEnd   0x000fca    program     static E:\3.46\pic18-lt\cxx-framework\src\traditional\stdclib\slenpgm.asm
                    jLoop   0x000f88    program     static E:\3.46\pic18-lt\cxx-framework\src\traditional\stdclib\strlen.asm
                    jLoop   0x000fb2    program     static E:\3.46\pic18-lt\cxx-framework\src\traditional\stdclib\slenpgm.asm
                   jMatch   0x0010f6    program     static E:\3.46\pic18-lt\cxx-framework\src\traditional\stdclib\isdigit.asm
                 jNoMatch   0x0010f8    program     static E:\3.46\pic18-lt\cxx-framework\src\traditional\stdclib\isdigit.asm
                     loop   0x001146    program     static E:\3.46\pic18-lt\cxx-framework\src\pmc_common\USART\_usartpc.asm
                     loop   0x00112a    program     static                          
                     loop   0x00109c    program     static                          
                   loop_h   0x001108    program     static E:\3.46\pic18-lt\cxx-framework\src\traditional\proc\p18f65k90.asm
                   loop_l   0x001112    program     static E:\3.46\pic18-lt\cxx-framework\src\traditional\proc\p18f65k90.asm
                     main   0x001038    program     extern G:\uartcode\main.c       
                     putc   0x000e84    program     extern E:\3.46\pic18-lt\cxx-framework\src\traditional\stdclib\putc.c
                 s_digits   0x001152    program     static E:\3.46\pic18-lt\cxx-framework\src\traditional\stdclib\vfprintf.c
            s_put_n_chars   0x000008    program     static E:\3.46\pic18-lt\cxx-framework\src\traditional\stdclib\vfprintf.c
                  sprintf   0x000d3a    program     extern E:\3.46\pic18-lt\cxx-framework\src\traditional\stdclib\sprintf.c
                   strlen   0x000f78    program     extern E:\3.46\pic18-lt\cxx-framework\src\traditional\stdclib\strlen.asm
                strlenpgm   0x000f94    program     extern E:\3.46\pic18-lt\cxx-framework\src\traditional\stdclib\slenpgm.asm
                     test   0x000e00    program     static                          
                 vfprintf   0x000034    program     extern E:\3.46\pic18-lt\cxx-framework\src\traditional\stdclib\vfprintf.c
               zero_block   0x001108    program     static E:\3.46\pic18-lt\cxx-framework\src\traditional\proc\p18f65k90.asm
                   ADCON0   0x000fc2       data     extern E:\3.46\pic18-lt\cxx-framework\src\traditional\proc\p18f65k90.asm
               ADCON0bits   0x000fc2       data     extern E:\3.46\pic18-lt\cxx-framework\src\traditional\proc\p18f65k90.asm
                   ADCON1   0x000fc1       data     extern E:\3.46\pic18-lt\cxx-framework\src\traditional\proc\p18f65k90.asm
               ADCON1bits   0x000fc1       data     extern E:\3.46\pic18-lt\cxx-framework\src\traditional\proc\p18f65k90.asm
                   ADCON2   0x000fc0       data     extern E:\3.46\pic18-lt\cxx-framework\src\traditional\proc\p18f65k90.asm
               ADCON2bits   0x000fc0       data     extern E:\3.46\pic18-lt\cxx-framework\src\traditional\proc\p18f65k90.asm
                    ADRES   0x000fc3       data     extern E:\3.46\pic18-lt\cxx-framework\src\traditional\proc\p18f65k90.asm
                   ADRESH   0x000fc4       data     extern E:\3.46\pic18-lt\cxx-framework\src\traditional\proc\p18f65k90.asm
                   ADRESL   0x000fc3       data     extern E:\3.46\pic18-lt\cxx-framework\src\traditional\proc\p18f65k90.asm
                  ALRMCFG   0x000f5b       data     extern E:\3.46\pic18-lt\cxx-framework\src\traditional\proc\p18f65k90.asm
              ALRMCFGbits   0x000f5b       data     extern E:\3.46\pic18-lt\cxx-framework\src\traditional\proc\p18f65k90.asm
                  ALRMRPT   0x000f5a       data     extern E:\3.46\pic18-lt\cxx-framework\src\traditional\proc\p18f65k90.asm
              ALRMRPTbits   0x000f5a       data     extern E:\3.46\pic18-lt\cxx-framework\src\traditional\proc\p18f65k90.asm
                  ALRMVAL   0x000f58       data     extern E:\3.46\pic18-lt\cxx-framework\src\traditional\proc\p18f65k90.asm
                 ALRMVALH   0x000f59       data     extern E:\3.46\pic18-lt\cxx-framework\src\traditional\proc\p18f65k90.asm
                 ALRMVALL   0x000f58       data     extern E:\3.46\pic18-lt\cxx-framework\src\traditional\proc\p18f65k90.asm
                   ANCON0   0x000f25       data     extern E:\3.46\pic18-lt\cxx-framework\src\traditional\proc\p18f65k90.asm
               ANCON0bits   0x000f25       data     extern E:\3.46\pic18-lt\cxx-framework\src\traditional\proc\p18f65k90.asm
                   ANCON1   0x000f24       data     extern E:\3.46\pic18-lt\cxx-framework\src\traditional\proc\p18f65k90.asm
               ANCON1bits   0x000f24       data     extern E:\3.46\pic18-lt\cxx-framework\src\traditional\proc\p18f65k90.asm
                   ANCON2   0x000f23       data     extern E:\3.46\pic18-lt\cxx-framework\src\traditional\proc\p18f65k90.asm
               ANCON2bits   0x000f23       data     extern E:\3.46\pic18-lt\cxx-framework\src\traditional\proc\p18f65k90.asm
                  BAUDCON   0x000f65       data     extern E:\3.46\pic18-lt\cxx-framework\src\traditional\proc\p18f65k90.asm
                 BAUDCON1   0x000f65       data     extern E:\3.46\pic18-lt\cxx-framework\src\traditional\proc\p18f65k90.asm
             BAUDCON1bits   0x000f65       data     extern E:\3.46\pic18-lt\cxx-framework\src\traditional\proc\p18f65k90.asm
                 BAUDCON2   0x000f20       data     extern E:\3.46\pic18-lt\cxx-framework\src\traditional\proc\p18f65k90.asm
             BAUDCON2bits   0x000f20       data     extern E:\3.46\pic18-lt\cxx-framework\src\traditional\proc\p18f65k90.asm
              BAUDCONbits   0x000f65       data     extern E:\3.46\pic18-lt\cxx-framework\src\traditional\proc\p18f65k90.asm
                  BAUDCTL   0x000f65       data     extern E:\3.46\pic18-lt\cxx-framework\src\traditional\proc\p18f65k90.asm
              BAUDCTLbits   0x000f65       data     extern E:\3.46\pic18-lt\cxx-framework\src\traditional\proc\p18f65k90.asm
                      BSR   0x000fe0       data     extern E:\3.46\pic18-lt\cxx-framework\src\traditional\proc\p18f65k90.asm
                  CCP1CON   0x000fbb       data     extern E:\3.46\pic18-lt\cxx-framework\src\traditional\proc\p18f65k90.asm
              CCP1CONbits   0x000fbb       data     extern E:\3.46\pic18-lt\cxx-framework\src\traditional\proc\p18f65k90.asm
                  CCP2CON   0x000f4e       data     extern E:\3.46\pic18-lt\cxx-framework\src\traditional\proc\p18f65k90.asm
              CCP2CONbits   0x000f4e       data     extern E:\3.46\pic18-lt\cxx-framework\src\traditional\proc\p18f65k90.asm
                  CCP3CON   0x000f49       data     extern E:\3.46\pic18-lt\cxx-framework\src\traditional\proc\p18f65k90.asm
              CCP3CONbits   0x000f49       data     extern E:\3.46\pic18-lt\cxx-framework\src\traditional\proc\p18f65k90.asm
                  CCP4CON   0x000f0f       data     extern E:\3.46\pic18-lt\cxx-framework\src\traditional\proc\p18f65k90.asm
              CCP4CONbits   0x000f0f       data     extern E:\3.46\pic18-lt\cxx-framework\src\traditional\proc\p18f65k90.asm
                  CCP5CON   0x000f0c       data     extern E:\3.46\pic18-lt\cxx-framework\src\traditional\proc\p18f65k90.asm
              CCP5CONbits   0x000f0c       data     extern E:\3.46\pic18-lt\cxx-framework\src\traditional\proc\p18f65k90.asm
                  CCP6CON   0x000f09       data     extern E:\3.46\pic18-lt\cxx-framework\src\traditional\proc\p18f65k90.asm
              CCP6CONbits   0x000f09       data     extern E:\3.46\pic18-lt\cxx-framework\src\traditional\proc\p18f65k90.asm
                  CCP7CON   0x000f06       data     extern E:\3.46\pic18-lt\cxx-framework\src\traditional\proc\p18f65k90.asm
              CCP7CONbits   0x000f06       data     extern E:\3.46\pic18-lt\cxx-framework\src\traditional\proc\p18f65k90.asm
                  CCP8CON   0x000f46       data     extern E:\3.46\pic18-lt\cxx-framework\src\traditional\proc\p18f65k90.asm
              CCP8CONbits   0x000f46       data     extern E:\3.46\pic18-lt\cxx-framework\src\traditional\proc\p18f65k90.asm
                    CCPR1   0x000fbc       data     extern E:\3.46\pic18-lt\cxx-framework\src\traditional\proc\p18f65k90.asm
                   CCPR1H   0x000fbd       data     extern E:\3.46\pic18-lt\cxx-framework\src\traditional\proc\p18f65k90.asm
                   CCPR1L   0x000fbc       data     extern E:\3.46\pic18-lt\cxx-framework\src\traditional\proc\p18f65k90.asm
                    CCPR2   0x000f4f       data     extern E:\3.46\pic18-lt\cxx-framework\src\traditional\proc\p18f65k90.asm
                   CCPR2H   0x000f50       data     extern E:\3.46\pic18-lt\cxx-framework\src\traditional\proc\p18f65k90.asm
                   CCPR2L   0x000f4f       data     extern E:\3.46\pic18-lt\cxx-framework\src\traditional\proc\p18f65k90.asm
                    CCPR3   0x000f4a       data     extern E:\3.46\pic18-lt\cxx-framework\src\traditional\proc\p18f65k90.asm
                   CCPR3H   0x000f4b       data     extern E:\3.46\pic18-lt\cxx-framework\src\traditional\proc\p18f65k90.asm
                   CCPR3L   0x000f4a       data     extern E:\3.46\pic18-lt\cxx-framework\src\traditional\proc\p18f65k90.asm
                    CCPR4   0x000f10       data     extern E:\3.46\pic18-lt\cxx-framework\src\traditional\proc\p18f65k90.asm
                   CCPR4H   0x000f11       data     extern E:\3.46\pic18-lt\cxx-framework\src\traditional\proc\p18f65k90.asm
                   CCPR4L   0x000f10       data     extern E:\3.46\pic18-lt\cxx-framework\src\traditional\proc\p18f65k90.asm
                    CCPR5   0x000f0d       data     extern E:\3.46\pic18-lt\cxx-framework\src\traditional\proc\p18f65k90.asm
                   CCPR5H   0x000f0e       data     extern E:\3.46\pic18-lt\cxx-framework\src\traditional\proc\p18f65k90.asm
                   CCPR5L   0x000f0d       data     extern E:\3.46\pic18-lt\cxx-framework\src\traditional\proc\p18f65k90.asm
                    CCPR6   0x000f0a       data     extern E:\3.46\pic18-lt\cxx-framework\src\traditional\proc\p18f65k90.asm
                   CCPR6H   0x000f0b       data     extern E:\3.46\pic18-lt\cxx-framework\src\traditional\proc\p18f65k90.asm
                   CCPR6L   0x000f0a       data     extern E:\3.46\pic18-lt\cxx-framework\src\traditional\proc\p18f65k90.asm
                    CCPR7   0x000f07       data     extern E:\3.46\pic18-lt\cxx-framework\src\traditional\proc\p18f65k90.asm
                   CCPR7H   0x000f08       data     extern E:\3.46\pic18-lt\cxx-framework\src\traditional\proc\p18f65k90.asm
                   CCPR7L   0x000f07       data     extern E:\3.46\pic18-lt\cxx-framework\src\traditional\proc\p18f65k90.asm
                    CCPR8   0x000f47       data     extern E:\3.46\pic18-lt\cxx-framework\src\traditional\proc\p18f65k90.asm
                   CCPR8H   0x000f48       data     extern E:\3.46\pic18-lt\cxx-framework\src\traditional\proc\p18f65k90.asm
                   CCPR8L   0x000f47       data     extern E:\3.46\pic18-lt\cxx-framework\src\traditional\proc\p18f65k90.asm
                 CCPTMRS0   0x000f2d       data     extern E:\3.46\pic18-lt\cxx-framework\src\traditional\proc\p18f65k90.asm
             CCPTMRS0bits   0x000f2d       data     extern E:\3.46\pic18-lt\cxx-framework\src\traditional\proc\p18f65k90.asm
                 CCPTMRS1   0x000f2c       data     extern E:\3.46\pic18-lt\cxx-framework\src\traditional\proc\p18f65k90.asm
             CCPTMRS1bits   0x000f2c       data     extern E:\3.46\pic18-lt\cxx-framework\src\traditional\proc\p18f65k90.asm
                 CCPTMRS2   0x000f2b       data     extern E:\3.46\pic18-lt\cxx-framework\src\traditional\proc\p18f65k90.asm
             CCPTMRS2bits   0x000f2b       data     extern E:\3.46\pic18-lt\cxx-framework\src\traditional\proc\p18f65k90.asm
                   CM1CON   0x000f54       data     extern E:\3.46\pic18-lt\cxx-framework\src\traditional\proc\p18f65k90.asm
                  CM1CON1   0x000f54       data     extern E:\3.46\pic18-lt\cxx-framework\src\traditional\proc\p18f65k90.asm
              CM1CON1bits   0x000f54       data     extern E:\3.46\pic18-lt\cxx-framework\src\traditional\proc\p18f65k90.asm
               CM1CONbits   0x000f54       data     extern E:\3.46\pic18-lt\cxx-framework\src\traditional\proc\p18f65k90.asm
                   CM2CON   0x000f2f       data     extern E:\3.46\pic18-lt\cxx-framework\src\traditional\proc\p18f65k90.asm
                  CM2CON1   0x000f2f       data     extern E:\3.46\pic18-lt\cxx-framework\src\traditional\proc\p18f65k90.asm
              CM2CON1bits   0x000f2f       data     extern E:\3.46\pic18-lt\cxx-framework\src\traditional\proc\p18f65k90.asm
               CM2CONbits   0x000f2f       data     extern E:\3.46\pic18-lt\cxx-framework\src\traditional\proc\p18f65k90.asm
                   CM3CON   0x000f2e       data     extern E:\3.46\pic18-lt\cxx-framework\src\traditional\proc\p18f65k90.asm
                  CM3CON1   0x000f2e       data     extern E:\3.46\pic18-lt\cxx-framework\src\traditional\proc\p18f65k90.asm
              CM3CON1bits   0x000f2e       data     extern E:\3.46\pic18-lt\cxx-framework\src\traditional\proc\p18f65k90.asm
               CM3CONbits   0x000f2e       data     extern E:\3.46\pic18-lt\cxx-framework\src\traditional\proc\p18f65k90.asm
                   CMSTAT   0x000fb4       data     extern E:\3.46\pic18-lt\cxx-framework\src\traditional\proc\p18f65k90.asm
                 CMSTATUS   0x000fb4       data     extern E:\3.46\pic18-lt\cxx-framework\src\traditional\proc\p18f65k90.asm
             CMSTATUSbits   0x000fb4       data     extern E:\3.46\pic18-lt\cxx-framework\src\traditional\proc\p18f65k90.asm
               CMSTATbits   0x000fb4       data     extern E:\3.46\pic18-lt\cxx-framework\src\traditional\proc\p18f65k90.asm
                 CTMUCONH   0x000f57       data     extern E:\3.46\pic18-lt\cxx-framework\src\traditional\proc\p18f65k90.asm
             CTMUCONHbits   0x000f57       data     extern E:\3.46\pic18-lt\cxx-framework\src\traditional\proc\p18f65k90.asm
                 CTMUCONL   0x000f56       data     extern E:\3.46\pic18-lt\cxx-framework\src\traditional\proc\p18f65k90.asm
             CTMUCONLbits   0x000f56       data     extern E:\3.46\pic18-lt\cxx-framework\src\traditional\proc\p18f65k90.asm
                 CTMUICON   0x000f55       data     extern E:\3.46\pic18-lt\cxx-framework\src\traditional\proc\p18f65k90.asm
             CTMUICONbits   0x000f55       data     extern E:\3.46\pic18-lt\cxx-framework\src\traditional\proc\p18f65k90.asm
                   CVRCON   0x000fb5       data     extern E:\3.46\pic18-lt\cxx-framework\src\traditional\proc\p18f65k90.asm
               CVRCONbits   0x000fb5       data     extern E:\3.46\pic18-lt\cxx-framework\src\traditional\proc\p18f65k90.asm
                  ECCP1AS   0x000fbf       data     extern E:\3.46\pic18-lt\cxx-framework\src\traditional\proc\p18f65k90.asm
              ECCP1ASbits   0x000fbf       data     extern E:\3.46\pic18-lt\cxx-framework\src\traditional\proc\p18f65k90.asm
                 ECCP1CON   0x000fbb       data     extern E:\3.46\pic18-lt\cxx-framework\src\traditional\proc\p18f65k90.asm
             ECCP1CONbits   0x000fbb       data     extern E:\3.46\pic18-lt\cxx-framework\src\traditional\proc\p18f65k90.asm
                 ECCP1DEL   0x000fbe       data     extern E:\3.46\pic18-lt\cxx-framework\src\traditional\proc\p18f65k90.asm
             ECCP1DELbits   0x000fbe       data     extern E:\3.46\pic18-lt\cxx-framework\src\traditional\proc\p18f65k90.asm
                  ECCP2AS   0x000f52       data     extern E:\3.46\pic18-lt\cxx-framework\src\traditional\proc\p18f65k90.asm
              ECCP2ASbits   0x000f52       data     extern E:\3.46\pic18-lt\cxx-framework\src\traditional\proc\p18f65k90.asm
                 ECCP2CON   0x000f4e       data     extern E:\3.46\pic18-lt\cxx-framework\src\traditional\proc\p18f65k90.asm
             ECCP2CONbits   0x000f4e       data     extern E:\3.46\pic18-lt\cxx-framework\src\traditional\proc\p18f65k90.asm
                 ECCP2DEL   0x000f51       data     extern E:\3.46\pic18-lt\cxx-framework\src\traditional\proc\p18f65k90.asm
             ECCP2DELbits   0x000f51       data     extern E:\3.46\pic18-lt\cxx-framework\src\traditional\proc\p18f65k90.asm
                  ECCP3AS   0x000f4d       data     extern E:\3.46\pic18-lt\cxx-framework\src\traditional\proc\p18f65k90.asm
              ECCP3ASbits   0x000f4d       data     extern E:\3.46\pic18-lt\cxx-framework\src\traditional\proc\p18f65k90.asm
                 ECCP3DEL   0x000f4c       data     extern E:\3.46\pic18-lt\cxx-framework\src\traditional\proc\p18f65k90.asm
             ECCP3DELbits   0x000f4c       data     extern E:\3.46\pic18-lt\cxx-framework\src\traditional\proc\p18f65k90.asm
                    EEADR   0x000f62       data     extern E:\3.46\pic18-lt\cxx-framework\src\traditional\proc\p18f65k90.asm
                   EEADRH   0x000f63       data     extern E:\3.46\pic18-lt\cxx-framework\src\traditional\proc\p18f65k90.asm
                   EECON1   0x000f7f       data     extern E:\3.46\pic18-lt\cxx-framework\src\traditional\proc\p18f65k90.asm
               EECON1bits   0x000f7f       data     extern E:\3.46\pic18-lt\cxx-framework\src\traditional\proc\p18f65k90.asm
                   EECON2   0x000f7e       data     extern E:\3.46\pic18-lt\cxx-framework\src\traditional\proc\p18f65k90.asm
                   EEDATA   0x000f61       data     extern E:\3.46\pic18-lt\cxx-framework\src\traditional\proc\p18f65k90.asm
                     FSR0   0x000fe9       data     extern E:\3.46\pic18-lt\cxx-framework\src\traditional\proc\p18f65k90.asm
                    FSR0H   0x000fea       data     extern E:\3.46\pic18-lt\cxx-framework\src\traditional\proc\p18f65k90.asm
                    FSR0L   0x000fe9       data     extern E:\3.46\pic18-lt\cxx-framework\src\traditional\proc\p18f65k90.asm
                     FSR1   0x000fe1       data     extern E:\3.46\pic18-lt\cxx-framework\src\traditional\proc\p18f65k90.asm
                    FSR1H   0x000fe2       data     extern E:\3.46\pic18-lt\cxx-framework\src\traditional\proc\p18f65k90.asm
                    FSR1L   0x000fe1       data     extern E:\3.46\pic18-lt\cxx-framework\src\traditional\proc\p18f65k90.asm
                     FSR2   0x000fd9       data     extern E:\3.46\pic18-lt\cxx-framework\src\traditional\proc\p18f65k90.asm
                    FSR2H   0x000fda       data     extern E:\3.46\pic18-lt\cxx-framework\src\traditional\proc\p18f65k90.asm
                    FSR2L   0x000fd9       data     extern E:\3.46\pic18-lt\cxx-framework\src\traditional\proc\p18f65k90.asm
                  HLVDCON   0x000fa8       data     extern E:\3.46\pic18-lt\cxx-framework\src\traditional\proc\p18f65k90.asm
              HLVDCONbits   0x000fa8       data     extern E:\3.46\pic18-lt\cxx-framework\src\traditional\proc\p18f65k90.asm
                    INDF0   0x000fef       data     extern E:\3.46\pic18-lt\cxx-framework\src\traditional\proc\p18f65k90.asm
                    INDF1   0x000fe7       data     extern E:\3.46\pic18-lt\cxx-framework\src\traditional\proc\p18f65k90.asm
                    INDF2   0x000fdf       data     extern E:\3.46\pic18-lt\cxx-framework\src\traditional\proc\p18f65k90.asm
                   INTCON   0x000ff2       data     extern E:\3.46\pic18-lt\cxx-framework\src\traditional\proc\p18f65k90.asm
                  INTCON2   0x000ff1       data     extern E:\3.46\pic18-lt\cxx-framework\src\traditional\proc\p18f65k90.asm
              INTCON2bits   0x000ff1       data     extern E:\3.46\pic18-lt\cxx-framework\src\traditional\proc\p18f65k90.asm
                  INTCON3   0x000ff0       data     extern E:\3.46\pic18-lt\cxx-framework\src\traditional\proc\p18f65k90.asm
              INTCON3bits   0x000ff0       data     extern E:\3.46\pic18-lt\cxx-framework\src\traditional\proc\p18f65k90.asm
               INTCONbits   0x000ff2       data     extern E:\3.46\pic18-lt\cxx-framework\src\traditional\proc\p18f65k90.asm
                     IPR1   0x000f9f       data     extern E:\3.46\pic18-lt\cxx-framework\src\traditional\proc\p18f65k90.asm
                 IPR1bits   0x000f9f       data     extern E:\3.46\pic18-lt\cxx-framework\src\traditional\proc\p18f65k90.asm
                     IPR2   0x000fa2       data     extern E:\3.46\pic18-lt\cxx-framework\src\traditional\proc\p18f65k90.asm
                 IPR2bits   0x000fa2       data     extern E:\3.46\pic18-lt\cxx-framework\src\traditional\proc\p18f65k90.asm
                     IPR3   0x000fa5       data     extern E:\3.46\pic18-lt\cxx-framework\src\traditional\proc\p18f65k90.asm
                 IPR3bits   0x000fa5       data     extern E:\3.46\pic18-lt\cxx-framework\src\traditional\proc\p18f65k90.asm
                     IPR4   0x000fb8       data     extern E:\3.46\pic18-lt\cxx-framework\src\traditional\proc\p18f65k90.asm
                 IPR4bits   0x000fb8       data     extern E:\3.46\pic18-lt\cxx-framework\src\traditional\proc\p18f65k90.asm
                     IPR5   0x000fd2       data     extern E:\3.46\pic18-lt\cxx-framework\src\traditional\proc\p18f65k90.asm
                 IPR5bits   0x000fd2       data     extern E:\3.46\pic18-lt\cxx-framework\src\traditional\proc\p18f65k90.asm
                     IPR6   0x000fa9       data     extern E:\3.46\pic18-lt\cxx-framework\src\traditional\proc\p18f65k90.asm
                 IPR6bits   0x000fa9       data     extern E:\3.46\pic18-lt\cxx-framework\src\traditional\proc\p18f65k90.asm
                     LATA   0x000f89       data     extern E:\3.46\pic18-lt\cxx-framework\src\traditional\proc\p18f65k90.asm
                 LATAbits   0x000f89       data     extern E:\3.46\pic18-lt\cxx-framework\src\traditional\proc\p18f65k90.asm
                     LATB   0x000f8a       data     extern E:\3.46\pic18-lt\cxx-framework\src\traditional\proc\p18f65k90.asm
                 LATBbits   0x000f8a       data     extern E:\3.46\pic18-lt\cxx-framework\src\traditional\proc\p18f65k90.asm
                     LATC   0x000f8b       data     extern E:\3.46\pic18-lt\cxx-framework\src\traditional\proc\p18f65k90.asm
                 LATCbits   0x000f8b       data     extern E:\3.46\pic18-lt\cxx-framework\src\traditional\proc\p18f65k90.asm
                     LATD   0x000f8c       data     extern E:\3.46\pic18-lt\cxx-framework\src\traditional\proc\p18f65k90.asm
                 LATDbits   0x000f8c       data     extern E:\3.46\pic18-lt\cxx-framework\src\traditional\proc\p18f65k90.asm
                     LATE   0x000f8d       data     extern E:\3.46\pic18-lt\cxx-framework\src\traditional\proc\p18f65k90.asm
                 LATEbits   0x000f8d       data     extern E:\3.46\pic18-lt\cxx-framework\src\traditional\proc\p18f65k90.asm
                     LATF   0x000f8e       data     extern E:\3.46\pic18-lt\cxx-framework\src\traditional\proc\p18f65k90.asm
                 LATFbits   0x000f8e       data     extern E:\3.46\pic18-lt\cxx-framework\src\traditional\proc\p18f65k90.asm
                     LATG   0x000f8f       data     extern E:\3.46\pic18-lt\cxx-framework\src\traditional\proc\p18f65k90.asm
                 LATGbits   0x000f8f       data     extern E:\3.46\pic18-lt\cxx-framework\src\traditional\proc\p18f65k90.asm
                   LCDCON   0x000ef4       data     extern E:\3.46\pic18-lt\cxx-framework\src\traditional\proc\p18f65k90.asm
               LCDCONbits   0x000ef4       data     extern E:\3.46\pic18-lt\cxx-framework\src\traditional\proc\p18f65k90.asm
                 LCDDATA0   0x000f66       data     extern E:\3.46\pic18-lt\cxx-framework\src\traditional\proc\p18f65k90.asm
             LCDDATA0bits   0x000f66       data     extern E:\3.46\pic18-lt\cxx-framework\src\traditional\proc\p18f65k90.asm
                 LCDDATA1   0x000f67       data     extern E:\3.46\pic18-lt\cxx-framework\src\traditional\proc\p18f65k90.asm
                LCDDATA10   0x000f70       data     extern E:\3.46\pic18-lt\cxx-framework\src\traditional\proc\p18f65k90.asm
            LCDDATA10bits   0x000f70       data     extern E:\3.46\pic18-lt\cxx-framework\src\traditional\proc\p18f65k90.asm
                LCDDATA12   0x000f72       data     extern E:\3.46\pic18-lt\cxx-framework\src\traditional\proc\p18f65k90.asm
            LCDDATA12bits   0x000f72       data     extern E:\3.46\pic18-lt\cxx-framework\src\traditional\proc\p18f65k90.asm
                LCDDATA13   0x000f73       data     extern E:\3.46\pic18-lt\cxx-framework\src\traditional\proc\p18f65k90.asm
            LCDDATA13bits   0x000f73       data     extern E:\3.46\pic18-lt\cxx-framework\src\traditional\proc\p18f65k90.asm
                LCDDATA14   0x000f74       data     extern E:\3.46\pic18-lt\cxx-framework\src\traditional\proc\p18f65k90.asm
            LCDDATA14bits   0x000f74       data     extern E:\3.46\pic18-lt\cxx-framework\src\traditional\proc\p18f65k90.asm
                LCDDATA15   0x000f75       data     extern E:\3.46\pic18-lt\cxx-framework\src\traditional\proc\p18f65k90.asm
            LCDDATA15bits   0x000f75       data     extern E:\3.46\pic18-lt\cxx-framework\src\traditional\proc\p18f65k90.asm
                LCDDATA16   0x000f76       data     extern E:\3.46\pic18-lt\cxx-framework\src\traditional\proc\p18f65k90.asm
            LCDDATA16bits   0x000f76       data     extern E:\3.46\pic18-lt\cxx-framework\src\traditional\proc\p18f65k90.asm
                LCDDATA18   0x000f78       data     extern E:\3.46\pic18-lt\cxx-framework\src\traditional\proc\p18f65k90.asm
            LCDDATA18bits   0x000f78       data     extern E:\3.46\pic18-lt\cxx-framework\src\traditional\proc\p18f65k90.asm
                LCDDATA19   0x000f79       data     extern E:\3.46\pic18-lt\cxx-framework\src\traditional\proc\p18f65k90.asm
            LCDDATA19bits   0x000f79       data     extern E:\3.46\pic18-lt\cxx-framework\src\traditional\proc\p18f65k90.asm
             LCDDATA1bits   0x000f67       data     extern E:\3.46\pic18-lt\cxx-framework\src\traditional\proc\p18f65k90.asm
                 LCDDATA2   0x000f68       data     extern E:\3.46\pic18-lt\cxx-framework\src\traditional\proc\p18f65k90.asm
                LCDDATA20   0x000f7a       data     extern E:\3.46\pic18-lt\cxx-framework\src\traditional\proc\p18f65k90.asm
            LCDDATA20bits   0x000f7a       data     extern E:\3.46\pic18-lt\cxx-framework\src\traditional\proc\p18f65k90.asm
                LCDDATA21   0x000f7b       data     extern E:\3.46\pic18-lt\cxx-framework\src\traditional\proc\p18f65k90.asm
            LCDDATA21bits   0x000f7b       data     extern E:\3.46\pic18-lt\cxx-framework\src\traditional\proc\p18f65k90.asm
                LCDDATA22   0x000f7c       data     extern E:\3.46\pic18-lt\cxx-framework\src\traditional\proc\p18f65k90.asm
            LCDDATA22bits   0x000f7c       data     extern E:\3.46\pic18-lt\cxx-framework\src\traditional\proc\p18f65k90.asm
             LCDDATA2bits   0x000f68       data     extern E:\3.46\pic18-lt\cxx-framework\src\traditional\proc\p18f65k90.asm
                 LCDDATA3   0x000f69       data     extern E:\3.46\pic18-lt\cxx-framework\src\traditional\proc\p18f65k90.asm
             LCDDATA3bits   0x000f69       data     extern E:\3.46\pic18-lt\cxx-framework\src\traditional\proc\p18f65k90.asm
                 LCDDATA4   0x000f6a       data     extern E:\3.46\pic18-lt\cxx-framework\src\traditional\proc\p18f65k90.asm
             LCDDATA4bits   0x000f6a       data     extern E:\3.46\pic18-lt\cxx-framework\src\traditional\proc\p18f65k90.asm
                 LCDDATA6   0x000f6c       data     extern E:\3.46\pic18-lt\cxx-framework\src\traditional\proc\p18f65k90.asm
             LCDDATA6bits   0x000f6c       data     extern E:\3.46\pic18-lt\cxx-framework\src\traditional\proc\p18f65k90.asm
                 LCDDATA7   0x000f6d       data     extern E:\3.46\pic18-lt\cxx-framework\src\traditional\proc\p18f65k90.asm
             LCDDATA7bits   0x000f6d       data     extern E:\3.46\pic18-lt\cxx-framework\src\traditional\proc\p18f65k90.asm
                 LCDDATA8   0x000f6e       data     extern E:\3.46\pic18-lt\cxx-framework\src\traditional\proc\p18f65k90.asm
             LCDDATA8bits   0x000f6e       data     extern E:\3.46\pic18-lt\cxx-framework\src\traditional\proc\p18f65k90.asm
                 LCDDATA9   0x000f6f       data     extern E:\3.46\pic18-lt\cxx-framework\src\traditional\proc\p18f65k90.asm
             LCDDATA9bits   0x000f6f       data     extern E:\3.46\pic18-lt\cxx-framework\src\traditional\proc\p18f65k90.asm
                    LCDPS   0x000ef5       data     extern E:\3.46\pic18-lt\cxx-framework\src\traditional\proc\p18f65k90.asm
                LCDPSbits   0x000ef5       data     extern E:\3.46\pic18-lt\cxx-framework\src\traditional\proc\p18f65k90.asm
                   LCDREF   0x000efd       data     extern E:\3.46\pic18-lt\cxx-framework\src\traditional\proc\p18f65k90.asm
               LCDREFbits   0x000efd       data     extern E:\3.46\pic18-lt\cxx-framework\src\traditional\proc\p18f65k90.asm
                    LCDRL   0x000efc       data     extern E:\3.46\pic18-lt\cxx-framework\src\traditional\proc\p18f65k90.asm
                LCDRLbits   0x000efc       data     extern E:\3.46\pic18-lt\cxx-framework\src\traditional\proc\p18f65k90.asm
                   LCDSE0   0x000ef6       data     extern E:\3.46\pic18-lt\cxx-framework\src\traditional\proc\p18f65k90.asm
               LCDSE0bits   0x000ef6       data     extern E:\3.46\pic18-lt\cxx-framework\src\traditional\proc\p18f65k90.asm
                   LCDSE1   0x000ef7       data     extern E:\3.46\pic18-lt\cxx-framework\src\traditional\proc\p18f65k90.asm
               LCDSE1bits   0x000ef7       data     extern E:\3.46\pic18-lt\cxx-framework\src\traditional\proc\p18f65k90.asm
                   LCDSE2   0x000ef8       data     extern E:\3.46\pic18-lt\cxx-framework\src\traditional\proc\p18f65k90.asm
               LCDSE2bits   0x000ef8       data     extern E:\3.46\pic18-lt\cxx-framework\src\traditional\proc\p18f65k90.asm
                   LCDSE3   0x000ef9       data     extern E:\3.46\pic18-lt\cxx-framework\src\traditional\proc\p18f65k90.asm
               LCDSE3bits   0x000ef9       data     extern E:\3.46\pic18-lt\cxx-framework\src\traditional\proc\p18f65k90.asm
                   LCDSE4   0x000efa       data     extern E:\3.46\pic18-lt\cxx-framework\src\traditional\proc\p18f65k90.asm
               LCDSE4bits   0x000efa       data     extern E:\3.46\pic18-lt\cxx-framework\src\traditional\proc\p18f65k90.asm
                   ODCON1   0x000f29       data     extern E:\3.46\pic18-lt\cxx-framework\src\traditional\proc\p18f65k90.asm
               ODCON1bits   0x000f29       data     extern E:\3.46\pic18-lt\cxx-framework\src\traditional\proc\p18f65k90.asm
                   ODCON2   0x000f28       data     extern E:\3.46\pic18-lt\cxx-framework\src\traditional\proc\p18f65k90.asm
               ODCON2bits   0x000f28       data     extern E:\3.46\pic18-lt\cxx-framework\src\traditional\proc\p18f65k90.asm
                   ODCON3   0x000f27       data     extern E:\3.46\pic18-lt\cxx-framework\src\traditional\proc\p18f65k90.asm
               ODCON3bits   0x000f27       data     extern E:\3.46\pic18-lt\cxx-framework\src\traditional\proc\p18f65k90.asm
                   OSCCON   0x000fd3       data     extern E:\3.46\pic18-lt\cxx-framework\src\traditional\proc\p18f65k90.asm
                  OSCCON2   0x000f64       data     extern E:\3.46\pic18-lt\cxx-framework\src\traditional\proc\p18f65k90.asm
              OSCCON2bits   0x000f64       data     extern E:\3.46\pic18-lt\cxx-framework\src\traditional\proc\p18f65k90.asm
               OSCCONbits   0x000fd3       data     extern E:\3.46\pic18-lt\cxx-framework\src\traditional\proc\p18f65k90.asm
                  OSCTUNE   0x000f9b       data     extern E:\3.46\pic18-lt\cxx-framework\src\traditional\proc\p18f65k90.asm
              OSCTUNEbits   0x000f9b       data     extern E:\3.46\pic18-lt\cxx-framework\src\traditional\proc\p18f65k90.asm
                  PADCFG1   0x000f53       data     extern E:\3.46\pic18-lt\cxx-framework\src\traditional\proc\p18f65k90.asm
              PADCFG1bits   0x000f53       data     extern E:\3.46\pic18-lt\cxx-framework\src\traditional\proc\p18f65k90.asm
                       PC   0x000ff9       data     extern E:\3.46\pic18-lt\cxx-framework\src\traditional\proc\p18f65k90.asm
                      PCL   0x000ff9       data     extern E:\3.46\pic18-lt\cxx-framework\src\traditional\proc\p18f65k90.asm
                   PCLATH   0x000ffa       data     extern E:\3.46\pic18-lt\cxx-framework\src\traditional\proc\p18f65k90.asm
                   PCLATU   0x000ffb       data     extern E:\3.46\pic18-lt\cxx-framework\src\traditional\proc\p18f65k90.asm
                     PIE1   0x000f9d       data     extern E:\3.46\pic18-lt\cxx-framework\src\traditional\proc\p18f65k90.asm
                 PIE1bits   0x000f9d       data     extern E:\3.46\pic18-lt\cxx-framework\src\traditional\proc\p18f65k90.asm
                     PIE2   0x000fa0       data     extern E:\3.46\pic18-lt\cxx-framework\src\traditional\proc\p18f65k90.asm
                 PIE2bits   0x000fa0       data     extern E:\3.46\pic18-lt\cxx-framework\src\traditional\proc\p18f65k90.asm
                     PIE3   0x000fa3       data     extern E:\3.46\pic18-lt\cxx-framework\src\traditional\proc\p18f65k90.asm
                 PIE3bits   0x000fa3       data     extern E:\3.46\pic18-lt\cxx-framework\src\traditional\proc\p18f65k90.asm
                     PIE4   0x000fb6       data     extern E:\3.46\pic18-lt\cxx-framework\src\traditional\proc\p18f65k90.asm
                 PIE4bits   0x000fb6       data     extern E:\3.46\pic18-lt\cxx-framework\src\traditional\proc\p18f65k90.asm
                     PIE5   0x000fb9       data     extern E:\3.46\pic18-lt\cxx-framework\src\traditional\proc\p18f65k90.asm
                 PIE5bits   0x000fb9       data     extern E:\3.46\pic18-lt\cxx-framework\src\traditional\proc\p18f65k90.asm
                     PIE6   0x000f60       data     extern E:\3.46\pic18-lt\cxx-framework\src\traditional\proc\p18f65k90.asm
                 PIE6bits   0x000f60       data     extern E:\3.46\pic18-lt\cxx-framework\src\traditional\proc\p18f65k90.asm
                     PIR1   0x000f9e       data     extern E:\3.46\pic18-lt\cxx-framework\src\traditional\proc\p18f65k90.asm
                 PIR1bits   0x000f9e       data     extern E:\3.46\pic18-lt\cxx-framework\src\traditional\proc\p18f65k90.asm
                     PIR2   0x000fa1       data     extern E:\3.46\pic18-lt\cxx-framework\src\traditional\proc\p18f65k90.asm
                 PIR2bits   0x000fa1       data     extern E:\3.46\pic18-lt\cxx-framework\src\traditional\proc\p18f65k90.asm
                     PIR3   0x000fa4       data     extern E:\3.46\pic18-lt\cxx-framework\src\traditional\proc\p18f65k90.asm
                 PIR3bits   0x000fa4       data     extern E:\3.46\pic18-lt\cxx-framework\src\traditional\proc\p18f65k90.asm
                     PIR4   0x000fb7       data     extern E:\3.46\pic18-lt\cxx-framework\src\traditional\proc\p18f65k90.asm
                 PIR4bits   0x000fb7       data     extern E:\3.46\pic18-lt\cxx-framework\src\traditional\proc\p18f65k90.asm
                     PIR5   0x000fba       data     extern E:\3.46\pic18-lt\cxx-framework\src\traditional\proc\p18f65k90.asm
                 PIR5bits   0x000fba       data     extern E:\3.46\pic18-lt\cxx-framework\src\traditional\proc\p18f65k90.asm
                     PIR6   0x000fa6       data     extern E:\3.46\pic18-lt\cxx-framework\src\traditional\proc\p18f65k90.asm
                 PIR6bits   0x000fa6       data     extern E:\3.46\pic18-lt\cxx-framework\src\traditional\proc\p18f65k90.asm
                   PLUSW0   0x000feb       data     extern E:\3.46\pic18-lt\cxx-framework\src\traditional\proc\p18f65k90.asm
                   PLUSW1   0x000fe3       data     extern E:\3.46\pic18-lt\cxx-framework\src\traditional\proc\p18f65k90.asm
                   PLUSW2   0x000fdb       data     extern E:\3.46\pic18-lt\cxx-framework\src\traditional\proc\p18f65k90.asm
                     PMD0   0x000f19       data     extern E:\3.46\pic18-lt\cxx-framework\src\traditional\proc\p18f65k90.asm
                 PMD0bits   0x000f19       data     extern E:\3.46\pic18-lt\cxx-framework\src\traditional\proc\p18f65k90.asm
                     PMD1   0x000f18       data     extern E:\3.46\pic18-lt\cxx-framework\src\traditional\proc\p18f65k90.asm
                 PMD1bits   0x000f18       data     extern E:\3.46\pic18-lt\cxx-framework\src\traditional\proc\p18f65k90.asm
                     PMD2   0x000f17       data     extern E:\3.46\pic18-lt\cxx-framework\src\traditional\proc\p18f65k90.asm
                 PMD2bits   0x000f17       data     extern E:\3.46\pic18-lt\cxx-framework\src\traditional\proc\p18f65k90.asm
                     PMD3   0x000f16       data     extern E:\3.46\pic18-lt\cxx-framework\src\traditional\proc\p18f65k90.asm
                 PMD3bits   0x000f16       data     extern E:\3.46\pic18-lt\cxx-framework\src\traditional\proc\p18f65k90.asm
                    PORTA   0x000f80       data     extern E:\3.46\pic18-lt\cxx-framework\src\traditional\proc\p18f65k90.asm
                PORTAbits   0x000f80       data     extern E:\3.46\pic18-lt\cxx-framework\src\traditional\proc\p18f65k90.asm
                    PORTB   0x000f81       data     extern E:\3.46\pic18-lt\cxx-framework\src\traditional\proc\p18f65k90.asm
                PORTBbits   0x000f81       data     extern E:\3.46\pic18-lt\cxx-framework\src\traditional\proc\p18f65k90.asm
                    PORTC   0x000f82       data     extern E:\3.46\pic18-lt\cxx-framework\src\traditional\proc\p18f65k90.asm
                PORTCbits   0x000f82       data     extern E:\3.46\pic18-lt\cxx-framework\src\traditional\proc\p18f65k90.asm
                    PORTD   0x000f83       data     extern E:\3.46\pic18-lt\cxx-framework\src\traditional\proc\p18f65k90.asm
                PORTDbits   0x000f83       data     extern E:\3.46\pic18-lt\cxx-framework\src\traditional\proc\p18f65k90.asm
                    PORTE   0x000f84       data     extern E:\3.46\pic18-lt\cxx-framework\src\traditional\proc\p18f65k90.asm
                PORTEbits   0x000f84       data     extern E:\3.46\pic18-lt\cxx-framework\src\traditional\proc\p18f65k90.asm
                    PORTF   0x000f85       data     extern E:\3.46\pic18-lt\cxx-framework\src\traditional\proc\p18f65k90.asm
                PORTFbits   0x000f85       data     extern E:\3.46\pic18-lt\cxx-framework\src\traditional\proc\p18f65k90.asm
                    PORTG   0x000f86       data     extern E:\3.46\pic18-lt\cxx-framework\src\traditional\proc\p18f65k90.asm
                PORTGbits   0x000f86       data     extern E:\3.46\pic18-lt\cxx-framework\src\traditional\proc\p18f65k90.asm
                 POSTDEC0   0x000fed       data     extern E:\3.46\pic18-lt\cxx-framework\src\traditional\proc\p18f65k90.asm
                 POSTDEC1   0x000fe5       data     extern E:\3.46\pic18-lt\cxx-framework\src\traditional\proc\p18f65k90.asm
                 POSTDEC2   0x000fdd       data     extern E:\3.46\pic18-lt\cxx-framework\src\traditional\proc\p18f65k90.asm
                 POSTINC0   0x000fee       data     extern E:\3.46\pic18-lt\cxx-framework\src\traditional\proc\p18f65k90.asm
                 POSTINC1   0x000fe6       data     extern E:\3.46\pic18-lt\cxx-framework\src\traditional\proc\p18f65k90.asm
                 POSTINC2   0x000fde       data     extern E:\3.46\pic18-lt\cxx-framework\src\traditional\proc\p18f65k90.asm
                      PR2   0x000fcb       data     extern E:\3.46\pic18-lt\cxx-framework\src\traditional\proc\p18f65k90.asm
                      PR4   0x000f04       data     extern E:\3.46\pic18-lt\cxx-framework\src\traditional\proc\p18f65k90.asm
                      PR6   0x000f3a       data     extern E:\3.46\pic18-lt\cxx-framework\src\traditional\proc\p18f65k90.asm
                      PR8   0x000f37       data     extern E:\3.46\pic18-lt\cxx-framework\src\traditional\proc\p18f65k90.asm
                  PREINC0   0x000fec       data     extern E:\3.46\pic18-lt\cxx-framework\src\traditional\proc\p18f65k90.asm
                  PREINC1   0x000fe4       data     extern E:\3.46\pic18-lt\cxx-framework\src\traditional\proc\p18f65k90.asm
                  PREINC2   0x000fdc       data     extern E:\3.46\pic18-lt\cxx-framework\src\traditional\proc\p18f65k90.asm
                     PROD   0x000ff3       data     extern E:\3.46\pic18-lt\cxx-framework\src\traditional\proc\p18f65k90.asm
                    PRODH   0x000ff4       data     extern E:\3.46\pic18-lt\cxx-framework\src\traditional\proc\p18f65k90.asm
                    PRODL   0x000ff3       data     extern E:\3.46\pic18-lt\cxx-framework\src\traditional\proc\p18f65k90.asm
                 PSTR1CON   0x000f9c       data     extern E:\3.46\pic18-lt\cxx-framework\src\traditional\proc\p18f65k90.asm
             PSTR1CONbits   0x000f9c       data     extern E:\3.46\pic18-lt\cxx-framework\src\traditional\proc\p18f65k90.asm
                 PSTR2CON   0x000f1b       data     extern E:\3.46\pic18-lt\cxx-framework\src\traditional\proc\p18f65k90.asm
             PSTR2CONbits   0x000f1b       data     extern E:\3.46\pic18-lt\cxx-framework\src\traditional\proc\p18f65k90.asm
                 PSTR3CON   0x000f1a       data     extern E:\3.46\pic18-lt\cxx-framework\src\traditional\proc\p18f65k90.asm
             PSTR3CONbits   0x000f1a       data     extern E:\3.46\pic18-lt\cxx-framework\src\traditional\proc\p18f65k90.asm
                  PWM1CON   0x000fbe       data     extern E:\3.46\pic18-lt\cxx-framework\src\traditional\proc\p18f65k90.asm
              PWM1CONbits   0x000fbe       data     extern E:\3.46\pic18-lt\cxx-framework\src\traditional\proc\p18f65k90.asm
                  PWM2CON   0x000f51       data     extern E:\3.46\pic18-lt\cxx-framework\src\traditional\proc\p18f65k90.asm
              PWM2CONbits   0x000f51       data     extern E:\3.46\pic18-lt\cxx-framework\src\traditional\proc\p18f65k90.asm
                  PWM3CON   0x000f4c       data     extern E:\3.46\pic18-lt\cxx-framework\src\traditional\proc\p18f65k90.asm
              PWM3CONbits   0x000f4c       data     extern E:\3.46\pic18-lt\cxx-framework\src\traditional\proc\p18f65k90.asm
                 PrintStr   0x000060       data     extern G:\uartcode\def.c        
                     RCON   0x000fd0       data     extern E:\3.46\pic18-lt\cxx-framework\src\traditional\proc\p18f65k90.asm
                 RCONbits   0x000fd0       data     extern E:\3.46\pic18-lt\cxx-framework\src\traditional\proc\p18f65k90.asm
                    RCREG   0x000fae       data     extern E:\3.46\pic18-lt\cxx-framework\src\traditional\proc\p18f65k90.asm
                   RCREG1   0x000fae       data     extern E:\3.46\pic18-lt\cxx-framework\src\traditional\proc\p18f65k90.asm
                   RCREG2   0x000f1d       data     extern E:\3.46\pic18-lt\cxx-framework\src\traditional\proc\p18f65k90.asm
                    RCSTA   0x000fab       data     extern E:\3.46\pic18-lt\cxx-framework\src\traditional\proc\p18f65k90.asm
                   RCSTA1   0x000fab       data     extern E:\3.46\pic18-lt\cxx-framework\src\traditional\proc\p18f65k90.asm
               RCSTA1bits   0x000fab       data     extern E:\3.46\pic18-lt\cxx-framework\src\traditional\proc\p18f65k90.asm
                   RCSTA2   0x000f22       data     extern E:\3.46\pic18-lt\cxx-framework\src\traditional\proc\p18f65k90.asm
               RCSTA2bits   0x000f22       data     extern E:\3.46\pic18-lt\cxx-framework\src\traditional\proc\p18f65k90.asm
                RCSTAbits   0x000fab       data     extern E:\3.46\pic18-lt\cxx-framework\src\traditional\proc\p18f65k90.asm
                  REFOCON   0x000f2a       data     extern E:\3.46\pic18-lt\cxx-framework\src\traditional\proc\p18f65k90.asm
              REFOCONbits   0x000f2a       data     extern E:\3.46\pic18-lt\cxx-framework\src\traditional\proc\p18f65k90.asm
                   RTCCAL   0x000f5e       data     extern E:\3.46\pic18-lt\cxx-framework\src\traditional\proc\p18f65k90.asm
               RTCCALbits   0x000f5e       data     extern E:\3.46\pic18-lt\cxx-framework\src\traditional\proc\p18f65k90.asm
                   RTCCFG   0x000f5f       data     extern E:\3.46\pic18-lt\cxx-framework\src\traditional\proc\p18f65k90.asm
               RTCCFGbits   0x000f5f       data     extern E:\3.46\pic18-lt\cxx-framework\src\traditional\proc\p18f65k90.asm
                   RTCVAL   0x000f5c       data     extern E:\3.46\pic18-lt\cxx-framework\src\traditional\proc\p18f65k90.asm
                  RTCVALH   0x000f5d       data     extern E:\3.46\pic18-lt\cxx-framework\src\traditional\proc\p18f65k90.asm
              RTCVALHbits   0x000f5d       data     extern E:\3.46\pic18-lt\cxx-framework\src\traditional\proc\p18f65k90.asm
                  RTCVALL   0x000f5c       data     extern E:\3.46\pic18-lt\cxx-framework\src\traditional\proc\p18f65k90.asm
                     SIGN   0x00000e       data     extern E:\3.46\pic18-lt\cxx-framework\src\traditional\math\cmath18.asm
                    SPBRG   0x000faf       data     extern E:\3.46\pic18-lt\cxx-framework\src\traditional\proc\p18f65k90.asm
                   SPBRG1   0x000faf       data     extern E:\3.46\pic18-lt\cxx-framework\src\traditional\proc\p18f65k90.asm
                   SPBRG2   0x000f1e       data     extern E:\3.46\pic18-lt\cxx-framework\src\traditional\proc\p18f65k90.asm
                  SPBRGH1   0x000fd4       data     extern E:\3.46\pic18-lt\cxx-framework\src\traditional\proc\p18f65k90.asm
                  SPBRGH2   0x000f1f       data     extern E:\3.46\pic18-lt\cxx-framework\src\traditional\proc\p18f65k90.asm
                  SSP1ADD   0x000fc8       data     extern E:\3.46\pic18-lt\cxx-framework\src\traditional\proc\p18f65k90.asm
              SSP1ADDbits   0x000fc8       data     extern E:\3.46\pic18-lt\cxx-framework\src\traditional\proc\p18f65k90.asm
                  SSP1BUF   0x000fc9       data     extern E:\3.46\pic18-lt\cxx-framework\src\traditional\proc\p18f65k90.asm
                 SSP1CON1   0x000fc6       data     extern E:\3.46\pic18-lt\cxx-framework\src\traditional\proc\p18f65k90.asm
             SSP1CON1bits   0x000fc6       data     extern E:\3.46\pic18-lt\cxx-framework\src\traditional\proc\p18f65k90.asm
                 SSP1CON2   0x000fc5       data     extern E:\3.46\pic18-lt\cxx-framework\src\traditional\proc\p18f65k90.asm
             SSP1CON2bits   0x000fc5       data     extern E:\3.46\pic18-lt\cxx-framework\src\traditional\proc\p18f65k90.asm
                 SSP1STAT   0x000fc7       data     extern E:\3.46\pic18-lt\cxx-framework\src\traditional\proc\p18f65k90.asm
             SSP1STATbits   0x000fc7       data     extern E:\3.46\pic18-lt\cxx-framework\src\traditional\proc\p18f65k90.asm
                  SSP2ADD   0x000f01       data     extern E:\3.46\pic18-lt\cxx-framework\src\traditional\proc\p18f65k90.asm
              SSP2ADDbits   0x000f01       data     extern E:\3.46\pic18-lt\cxx-framework\src\traditional\proc\p18f65k90.asm
                  SSP2BUF   0x000f02       data     extern E:\3.46\pic18-lt\cxx-framework\src\traditional\proc\p18f65k90.asm
                 SSP2CON1   0x000eff       data     extern E:\3.46\pic18-lt\cxx-framework\src\traditional\proc\p18f65k90.asm
             SSP2CON1bits   0x000eff       data     extern E:\3.46\pic18-lt\cxx-framework\src\traditional\proc\p18f65k90.asm
                 SSP2CON2   0x000efe       data     extern E:\3.46\pic18-lt\cxx-framework\src\traditional\proc\p18f65k90.asm
             SSP2CON2bits   0x000efe       data     extern E:\3.46\pic18-lt\cxx-framework\src\traditional\proc\p18f65k90.asm
                 SSP2STAT   0x000f00       data     extern E:\3.46\pic18-lt\cxx-framework\src\traditional\proc\p18f65k90.asm
             SSP2STATbits   0x000f00       data     extern E:\3.46\pic18-lt\cxx-framework\src\traditional\proc\p18f65k90.asm
                   SSPADD   0x000fc8       data     extern E:\3.46\pic18-lt\cxx-framework\src\traditional\proc\p18f65k90.asm
               SSPADDbits   0x000fc8       data     extern E:\3.46\pic18-lt\cxx-framework\src\traditional\proc\p18f65k90.asm
                   SSPBUF   0x000fc9       data     extern E:\3.46\pic18-lt\cxx-framework\src\traditional\proc\p18f65k90.asm
                  SSPCON1   0x000fc6       data     extern E:\3.46\pic18-lt\cxx-framework\src\traditional\proc\p18f65k90.asm
              SSPCON1bits   0x000fc6       data     extern E:\3.46\pic18-lt\cxx-framework\src\traditional\proc\p18f65k90.asm
                  SSPCON2   0x000fc5       data     extern E:\3.46\pic18-lt\cxx-framework\src\traditional\proc\p18f65k90.asm
              SSPCON2bits   0x000fc5       data     extern E:\3.46\pic18-lt\cxx-framework\src\traditional\proc\p18f65k90.asm
                  SSPSTAT   0x000fc7       data     extern E:\3.46\pic18-lt\cxx-framework\src\traditional\proc\p18f65k90.asm
              SSPSTATbits   0x000fc7       data     extern E:\3.46\pic18-lt\cxx-framework\src\traditional\proc\p18f65k90.asm
                   STATUS   0x000fd8       data     extern E:\3.46\pic18-lt\cxx-framework\src\traditional\proc\p18f65k90.asm
               STATUSbits   0x000fd8       data     extern E:\3.46\pic18-lt\cxx-framework\src\traditional\proc\p18f65k90.asm
                   STKPTR   0x000ffc       data     extern E:\3.46\pic18-lt\cxx-framework\src\traditional\proc\p18f65k90.asm
               STKPTRbits   0x000ffc       data     extern E:\3.46\pic18-lt\cxx-framework\src\traditional\proc\p18f65k90.asm
                    T0CON   0x000fd5       data     extern E:\3.46\pic18-lt\cxx-framework\src\traditional\proc\p18f65k90.asm
                T0CONbits   0x000fd5       data     extern E:\3.46\pic18-lt\cxx-framework\src\traditional\proc\p18f65k90.asm
                    T1CON   0x000fcd       data     extern E:\3.46\pic18-lt\cxx-framework\src\traditional\proc\p18f65k90.asm
                T1CONbits   0x000fcd       data     extern E:\3.46\pic18-lt\cxx-framework\src\traditional\proc\p18f65k90.asm
                   T1GCON   0x000faa       data     extern E:\3.46\pic18-lt\cxx-framework\src\traditional\proc\p18f65k90.asm
               T1GCONbits   0x000faa       data     extern E:\3.46\pic18-lt\cxx-framework\src\traditional\proc\p18f65k90.asm
                    T2CON   0x000fca       data     extern E:\3.46\pic18-lt\cxx-framework\src\traditional\proc\p18f65k90.asm
                T2CONbits   0x000fca       data     extern E:\3.46\pic18-lt\cxx-framework\src\traditional\proc\p18f65k90.asm
                    T3CON   0x000fb1       data     extern E:\3.46\pic18-lt\cxx-framework\src\traditional\proc\p18f65k90.asm
                T3CONbits   0x000fb1       data     extern E:\3.46\pic18-lt\cxx-framework\src\traditional\proc\p18f65k90.asm
                   T3GCON   0x000fb0       data     extern E:\3.46\pic18-lt\cxx-framework\src\traditional\proc\p18f65k90.asm
               T3GCONbits   0x000fb0       data     extern E:\3.46\pic18-lt\cxx-framework\src\traditional\proc\p18f65k90.asm
                    T4CON   0x000f03       data     extern E:\3.46\pic18-lt\cxx-framework\src\traditional\proc\p18f65k90.asm
                T4CONbits   0x000f03       data     extern E:\3.46\pic18-lt\cxx-framework\src\traditional\proc\p18f65k90.asm
                    T5CON   0x000f13       data     extern E:\3.46\pic18-lt\cxx-framework\src\traditional\proc\p18f65k90.asm
                T5CONbits   0x000f13       data     extern E:\3.46\pic18-lt\cxx-framework\src\traditional\proc\p18f65k90.asm
                   T5GCON   0x000f12       data     extern E:\3.46\pic18-lt\cxx-framework\src\traditional\proc\p18f65k90.asm
               T5GCONbits   0x000f12       data     extern E:\3.46\pic18-lt\cxx-framework\src\traditional\proc\p18f65k90.asm
                    T6CON   0x000f39       data     extern E:\3.46\pic18-lt\cxx-framework\src\traditional\proc\p18f65k90.asm
                T6CONbits   0x000f39       data     extern E:\3.46\pic18-lt\cxx-framework\src\traditional\proc\p18f65k90.asm
                    T8CON   0x000f36       data     extern E:\3.46\pic18-lt\cxx-framework\src\traditional\proc\p18f65k90.asm
                T8CONbits   0x000f36       data     extern E:\3.46\pic18-lt\cxx-framework\src\traditional\proc\p18f65k90.asm
                   TABLAT   0x000ff5       data     extern E:\3.46\pic18-lt\cxx-framework\src\traditional\proc\p18f65k90.asm
                   TBLPTR   0x000ff6       data     extern E:\3.46\pic18-lt\cxx-framework\src\traditional\proc\p18f65k90.asm
                  TBLPTRH   0x000ff7       data     extern E:\3.46\pic18-lt\cxx-framework\src\traditional\proc\p18f65k90.asm
                  TBLPTRL   0x000ff6       data     extern E:\3.46\pic18-lt\cxx-framework\src\traditional\proc\p18f65k90.asm
                  TBLPTRU   0x000ff8       data     extern E:\3.46\pic18-lt\cxx-framework\src\traditional\proc\p18f65k90.asm
                    TMR0H   0x000fd7       data     extern E:\3.46\pic18-lt\cxx-framework\src\traditional\proc\p18f65k90.asm
                    TMR0L   0x000fd6       data     extern E:\3.46\pic18-lt\cxx-framework\src\traditional\proc\p18f65k90.asm
                    TMR1H   0x000fcf       data     extern E:\3.46\pic18-lt\cxx-framework\src\traditional\proc\p18f65k90.asm
                    TMR1L   0x000fce       data     extern E:\3.46\pic18-lt\cxx-framework\src\traditional\proc\p18f65k90.asm
                     TMR2   0x000fcc       data     extern E:\3.46\pic18-lt\cxx-framework\src\traditional\proc\p18f65k90.asm
                    TMR3H   0x000fb3       data     extern E:\3.46\pic18-lt\cxx-framework\src\traditional\proc\p18f65k90.asm
                    TMR3L   0x000fb2       data     extern E:\3.46\pic18-lt\cxx-framework\src\traditional\proc\p18f65k90.asm
                     TMR4   0x000f05       data     extern E:\3.46\pic18-lt\cxx-framework\src\traditional\proc\p18f65k90.asm
                    TMR5H   0x000f15       data     extern E:\3.46\pic18-lt\cxx-framework\src\traditional\proc\p18f65k90.asm
                    TMR5L   0x000f14       data     extern E:\3.46\pic18-lt\cxx-framework\src\traditional\proc\p18f65k90.asm
                     TMR6   0x000f3b       data     extern E:\3.46\pic18-lt\cxx-framework\src\traditional\proc\p18f65k90.asm
                     TMR8   0x000f38       data     extern E:\3.46\pic18-lt\cxx-framework\src\traditional\proc\p18f65k90.asm
                      TOS   0x000ffd       data     extern E:\3.46\pic18-lt\cxx-framework\src\traditional\proc\p18f65k90.asm
                     TOSH   0x000ffe       data     extern E:\3.46\pic18-lt\cxx-framework\src\traditional\proc\p18f65k90.asm
                     TOSL   0x000ffd       data     extern E:\3.46\pic18-lt\cxx-framework\src\traditional\proc\p18f65k90.asm
                     TOSU   0x000fff       data     extern E:\3.46\pic18-lt\cxx-framework\src\traditional\proc\p18f65k90.asm
                    TRISA   0x000f92       data     extern E:\3.46\pic18-lt\cxx-framework\src\traditional\proc\p18f65k90.asm
                TRISAbits   0x000f92       data     extern E:\3.46\pic18-lt\cxx-framework\src\traditional\proc\p18f65k90.asm
                    TRISB   0x000f93       data     extern E:\3.46\pic18-lt\cxx-framework\src\traditional\proc\p18f65k90.asm
                TRISBbits   0x000f93       data     extern E:\3.46\pic18-lt\cxx-framework\src\traditional\proc\p18f65k90.asm
                    TRISC   0x000f94       data     extern E:\3.46\pic18-lt\cxx-framework\src\traditional\proc\p18f65k90.asm
                TRISCbits   0x000f94       data     extern E:\3.46\pic18-lt\cxx-framework\src\traditional\proc\p18f65k90.asm
                    TRISD   0x000f95       data     extern E:\3.46\pic18-lt\cxx-framework\src\traditional\proc\p18f65k90.asm
                TRISDbits   0x000f95       data     extern E:\3.46\pic18-lt\cxx-framework\src\traditional\proc\p18f65k90.asm
                    TRISE   0x000f96       data     extern E:\3.46\pic18-lt\cxx-framework\src\traditional\proc\p18f65k90.asm
                TRISEbits   0x000f96       data     extern E:\3.46\pic18-lt\cxx-framework\src\traditional\proc\p18f65k90.asm
                    TRISF   0x000f97       data     extern E:\3.46\pic18-lt\cxx-framework\src\traditional\proc\p18f65k90.asm
                TRISFbits   0x000f97       data     extern E:\3.46\pic18-lt\cxx-framework\src\traditional\proc\p18f65k90.asm
                    TRISG   0x000f98       data     extern E:\3.46\pic18-lt\cxx-framework\src\traditional\proc\p18f65k90.asm
                TRISGbits   0x000f98       data     extern E:\3.46\pic18-lt\cxx-framework\src\traditional\proc\p18f65k90.asm
                    TXREG   0x000fad       data     extern E:\3.46\pic18-lt\cxx-framework\src\traditional\proc\p18f65k90.asm
                   TXREG1   0x000fad       data     extern E:\3.46\pic18-lt\cxx-framework\src\traditional\proc\p18f65k90.asm
                   TXREG2   0x000f1c       data     extern E:\3.46\pic18-lt\cxx-framework\src\traditional\proc\p18f65k90.asm
                    TXSTA   0x000fac       data     extern E:\3.46\pic18-lt\cxx-framework\src\traditional\proc\p18f65k90.asm
                   TXSTA1   0x000fac       data     extern E:\3.46\pic18-lt\cxx-framework\src\traditional\proc\p18f65k90.asm
               TXSTA1bits   0x000fac       data     extern E:\3.46\pic18-lt\cxx-framework\src\traditional\proc\p18f65k90.asm
                   TXSTA2   0x000f21       data     extern E:\3.46\pic18-lt\cxx-framework\src\traditional\proc\p18f65k90.asm
               TXSTA2bits   0x000f21       data     extern E:\3.46\pic18-lt\cxx-framework\src\traditional\proc\p18f65k90.asm
                TXSTAbits   0x000fac       data     extern E:\3.46\pic18-lt\cxx-framework\src\traditional\proc\p18f65k90.asm
                   WDTCON   0x000fd1       data     extern E:\3.46\pic18-lt\cxx-framework\src\traditional\proc\p18f65k90.asm
               WDTCONbits   0x000fd1       data     extern E:\3.46\pic18-lt\cxx-framework\src\traditional\proc\p18f65k90.asm
                     WREG   0x000fe8       data     extern E:\3.46\pic18-lt\cxx-framework\src\traditional\proc\p18f65k90.asm
                 __AARGB0   0x000007       data     extern E:\3.46\pic18-lt\cxx-framework\src\traditional\math\aarg.asm
                 __AARGB1   0x000006       data     extern E:\3.46\pic18-lt\cxx-framework\src\traditional\math\aarg.asm
                 __AARGB2   0x000005       data     extern E:\3.46\pic18-lt\cxx-framework\src\traditional\math\aarg.asm
                 __AARGB3   0x000004       data     extern E:\3.46\pic18-lt\cxx-framework\src\traditional\math\aarg.asm
                 __AARGB4   0x000003       data     extern E:\3.46\pic18-lt\cxx-framework\src\traditional\math\aarg.asm
                 __AARGB5   0x000002       data     extern E:\3.46\pic18-lt\cxx-framework\src\traditional\math\aarg.asm
                 __AARGB6   0x000001       data     extern E:\3.46\pic18-lt\cxx-framework\src\traditional\math\aarg.asm
                 __AARGB7   0x000000       data     extern E:\3.46\pic18-lt\cxx-framework\src\traditional\math\aarg.asm
                   __AEXP   0x000008       data     extern E:\3.46\pic18-lt\cxx-framework\src\traditional\math\aarg.asm
                 __BARGB0   0x00000c       data     extern E:\3.46\pic18-lt\cxx-framework\src\traditional\math\barg.asm
                 __BARGB1   0x00000b       data     extern E:\3.46\pic18-lt\cxx-framework\src\traditional\math\barg.asm
                 __BARGB2   0x00000a       data     extern E:\3.46\pic18-lt\cxx-framework\src\traditional\math\barg.asm
                 __BARGB3   0x000009       data     extern E:\3.46\pic18-lt\cxx-framework\src\traditional\math\barg.asm
                   __BEXP   0x00000d       data     extern E:\3.46\pic18-lt\cxx-framework\src\traditional\math\barg.asm
                __FPFLAGS   0x00000f       data     extern E:\3.46\pic18-lt\cxx-framework\src\traditional\math\cmath18.asm
            __FPFLAGSbits   0x00000f       data     extern E:\3.46\pic18-lt\cxx-framework\src\traditional\math\cmath18.asm
                  __REMB0   0x000003       data     extern E:\3.46\pic18-lt\cxx-framework\src\traditional\math\aarg.asm
                  __REMB1   0x000002       data     extern E:\3.46\pic18-lt\cxx-framework\src\traditional\math\aarg.asm
                  __REMB2   0x000001       data     extern E:\3.46\pic18-lt\cxx-framework\src\traditional\math\aarg.asm
                  __REMB3   0x000000       data     extern E:\3.46\pic18-lt\cxx-framework\src\traditional\math\aarg.asm
                   __TEMP   0x000013       data     extern E:\3.46\pic18-lt\cxx-framework\src\traditional\math\temparg.asm
                 __TEMPB0   0x000013       data     extern E:\3.46\pic18-lt\cxx-framework\src\traditional\math\temparg.asm
                 __TEMPB1   0x000012       data     extern E:\3.46\pic18-lt\cxx-framework\src\traditional\math\temparg.asm
                 __TEMPB2   0x000011       data     extern E:\3.46\pic18-lt\cxx-framework\src\traditional\math\temparg.asm
                 __TEMPB3   0x000010       data     extern E:\3.46\pic18-lt\cxx-framework\src\traditional\math\temparg.asm
                  __tmp_0   0x000014       data     static E:\3.46\pic18-lt\cxx-framework\src\traditional\stdclib\putc.c
                  __tmp_0   0x000014       data     static E:\3.46\pic18-lt\cxx-framework\src\traditional\stdclib\vfprintf.c
                  __tmp_0   0x000014       data     static E:\3.46\pic18-lt\cxx-framework\src\traditional\stdclib\sprintf.c
                  __tmp_0   0x000014       data     static G:\uartcode\main.c       
                curr_byte   0x0000a3       data     static E:\3.46\pic18-lt\cxx-framework\src\traditional\startup\c018i.c
               curr_entry   0x0000a5       data     static E:\3.46\pic18-lt\cxx-framework\src\traditional\startup\c018i.c
                 data_ptr   0x0000a7       data     static E:\3.46\pic18-lt\cxx-framework\src\traditional\startup\c018i.c
                     prom   0x0000a0       data     static E:\3.46\pic18-lt\cxx-framework\src\traditional\startup\c018i.c



                              Symbols - Sorted by Address
                     Name    Address   Location    Storage File                     
                ---------  ---------  ---------  --------- ---------                
                   _entry   0x000000    program     extern E:\3.46\pic18-lt\cxx-framework\src\traditional\startup\c018i.c
       ___return_lbl00000   0x000004    program     static                          
            s_put_n_chars   0x000008    program     static E:\3.46\pic18-lt\cxx-framework\src\traditional\stdclib\vfprintf.c
                 vfprintf   0x000034    program     extern E:\3.46\pic18-lt\cxx-framework\src\traditional\stdclib\vfprintf.c
              __tmplbl_85   0x00005e    program     static                          
              __tmplbl_44   0x00090c    program     static                          
              __tmplbl_43   0x000926    program     static                          
                   __pa_0   0x000948    program     static E:\3.46\pic18-lt\cxx-framework\src\traditional\stdclib\vfprintf.c
                   __pa_1   0x000950    program     static E:\3.46\pic18-lt\cxx-framework\src\traditional\stdclib\vfprintf.c
                   __pa_2   0x00095a    program     static E:\3.46\pic18-lt\cxx-framework\src\traditional\stdclib\vfprintf.c
                   __pa_3   0x000964    program     static E:\3.46\pic18-lt\cxx-framework\src\traditional\stdclib\vfprintf.c
                   __pa_4   0x00097c    program     static E:\3.46\pic18-lt\cxx-framework\src\traditional\stdclib\vfprintf.c
                   __pa_5   0x000990    program     static E:\3.46\pic18-lt\cxx-framework\src\traditional\stdclib\vfprintf.c
                   __pa_6   0x0009ac    program     static E:\3.46\pic18-lt\cxx-framework\src\traditional\stdclib\vfprintf.c
                   __pa_7   0x0009b6    program     static E:\3.46\pic18-lt\cxx-framework\src\traditional\stdclib\vfprintf.c
                   __pa_8   0x0009c2    program     static E:\3.46\pic18-lt\cxx-framework\src\traditional\stdclib\vfprintf.c
                   __pa_9   0x0009e4    program     static E:\3.46\pic18-lt\cxx-framework\src\traditional\stdclib\vfprintf.c
[...]
                     IPR3   0x000fa5       data     extern E:\3.46\pic18-lt\cxx-framework\src\traditional\proc\p18f65k90.asm
                 IPR3bits   0x000fa5       data     extern E:\3.46\pic18-lt\cxx-framework\src\traditional\proc\p18f65k90.asm
                 PIR6bits   0x000fa6       data     extern E:\3.46\pic18-lt\cxx-framework\src\traditional\proc\p18f65k90.asm
                     PIR6   0x000fa6       data     extern E:\3.46\pic18-lt\cxx-framework\src\traditional\proc\p18f65k90.asm
                  HLVDCON   0x000fa8       data     extern E:\3.46\pic18-lt\cxx-framework\src\traditional\proc\p18f65k90.asm
              HLVDCONbits   0x000fa8       data     extern E:\3.46\pic18-lt\cxx-framework\src\traditional\proc\p18f65k90.asm
                     IPR6   0x000fa9       data     extern E:\3.46\pic18-lt\cxx-framework\src\traditional\proc\p18f65k90.asm
                 IPR6bits   0x000fa9       data     extern E:\3.46\pic18-lt\cxx-framework\src\traditional\proc\p18f65k90.asm
                   T1GCON   0x000faa       data     extern E:\3.46\pic18-lt\cxx-framework\src\traditional\proc\p18f65k90.asm
               T1GCONbits   0x000faa       data     extern E:\3.46\pic18-lt\cxx-framework\src\traditional\proc\p18f65k90.asm
                RCSTAbits   0x000fab       data     extern E:\3.46\pic18-lt\cxx-framework\src\traditional\proc\p18f65k90.asm
               RCSTA1bits   0x000fab       data     extern E:\3.46\pic18-lt\cxx-framework\src\traditional\proc\p18f65k90.asm
                   RCSTA1   0x000fab       data     extern E:\3.46\pic18-lt\cxx-framework\src\traditional\proc\p18f65k90.asm
                    RCSTA   0x000fab       data     extern E:\3.46\pic18-lt\cxx-framework\src\traditional\proc\p18f65k90.asm
                TXSTAbits   0x000fac       data     extern E:\3.46\pic18-lt\cxx-framework\src\traditional\proc\p18f65k90.asm
               TXSTA1bits   0x000fac       data     extern E:\3.46\pic18-lt\cxx-framework\src\traditional\proc\p18f65k90.asm
                   TXSTA1   0x000fac       data     extern E:\3.46\pic18-lt\cxx-framework\src\traditional\proc\p18f65k90.asm
                    TXSTA   0x000fac       data     extern E:\3.46\pic18-lt\cxx-framework\src\traditional\proc\p18f65k90.asm
                    TXREG   0x000fad       data     extern E:\3.46\pic18-lt\cxx-framework\src\traditional\proc\p18f65k90.asm
                   TXREG1   0x000fad       data     extern E:\3.46\pic18-lt\cxx-framework\src\traditional\proc\p18f65k90.asm
                    RCREG   0x000fae       data     extern E:\3.46\pic18-lt\cxx-framework\src\traditional\proc\p18f65k90.asm
                   RCREG1   0x000fae       data     extern E:\3.46\pic18-lt\cxx-framework\src\traditional\proc\p18f65k90.asm
                    SPBRG   0x000faf       data     extern E:\3.46\pic18-lt\cxx-framework\src\traditional\proc\p18f65k90.asm
                   SPBRG1   0x000faf       data     extern E:\3.46\pic18-lt\cxx-framework\src\traditional\proc\p18f65k90.asm
               T3GCONbits   0x000fb0       data     extern E:\3.46\pic18-lt\cxx-framework\src\traditional\proc\p18f65k90.asm
                   T3GCON   0x000fb0       data     extern E:\3.46\pic18-lt\cxx-framework\src\traditional\proc\p18f65k90.asm
                    T3CON   0x000fb1       data     extern E:\3.46\pic18-lt\cxx-framework\src\traditional\proc\p18f65k90.asm
                T3CONbits   0x000fb1       data     extern E:\3.46\pic18-lt\cxx-framework\src\traditional\proc\p18f65k90.asm
                    TMR3L   0x000fb2       data     extern E:\3.46\pic18-lt\cxx-framework\src\traditional\proc\p18f65k90.asm
                    TMR3H   0x000fb3       data     extern E:\3.46\pic18-lt\cxx-framework\src\traditional\proc\p18f65k90.asm
                 CMSTATUS   0x000fb4       data     extern E:\3.46\pic18-lt\cxx-framework\src\traditional\proc\p18f65k90.asm
               CMSTATbits   0x000fb4       data     extern E:\3.46\pic18-lt\cxx-framework\src\traditional\proc\p18f65k90.asm
                   CMSTAT   0x000fb4       data     extern E:\3.46\pic18-lt\cxx-framework\src\traditional\proc\p18f65k90.asm
             CMSTATUSbits   0x000fb4       data     extern E:\3.46\pic18-lt\cxx-framework\src\traditional\proc\p18f65k90.asm
               CVRCONbits   0x000fb5       data     extern E:\3.46\pic18-lt\cxx-framework\src\traditional\proc\p18f65k90.asm
                   CVRCON   0x000fb5       data     extern E:\3.46\pic18-lt\cxx-framework\src\traditional\proc\p18f65k90.asm
                     PIE4   0x000fb6       data     extern E:\3.46\pic18-lt\cxx-framework\src\traditional\proc\p18f65k90.asm
                 PIE4bits   0x000fb6       data     extern E:\3.46\pic18-lt\cxx-framework\src\traditional\proc\p18f65k90.asm
                     PIR4   0x000fb7       data     extern E:\3.46\pic18-lt\cxx-framework\src\traditional\proc\p18f65k90.asm
                 PIR4bits   0x000fb7       data     extern E:\3.46\pic18-lt\cxx-framework\src\traditional\proc\p18f65k90.asm
                 IPR4bits   0x000fb8       data     extern E:\3.46\pic18-lt\cxx-framework\src\traditional\proc\p18f65k90.asm
                     IPR4   0x000fb8       data     extern E:\3.46\pic18-lt\cxx-framework\src\traditional\proc\p18f65k90.asm
                 PIE5bits   0x000fb9       data     extern E:\3.46\pic18-lt\cxx-framework\src\traditional\proc\p18f65k90.asm
                     PIE5   0x000fb9       data     extern E:\3.46\pic18-lt\cxx-framework\src\traditional\proc\p18f65k90.asm
                 PIR5bits   0x000fba       data     extern E:\3.46\pic18-lt\cxx-framework\src\traditional\proc\p18f65k90.asm
                     PIR5   0x000fba       data     extern E:\3.46\pic18-lt\cxx-framework\src\traditional\proc\p18f65k90.asm
                 ECCP1CON   0x000fbb       data     extern E:\3.46\pic18-lt\cxx-framework\src\traditional\proc\p18f65k90.asm
             ECCP1CONbits   0x000fbb       data     extern E:\3.46\pic18-lt\cxx-framework\src\traditional\proc\p18f65k90.asm
              CCP1CONbits   0x000fbb       data     extern E:\3.46\pic18-lt\cxx-framework\src\traditional\proc\p18f65k90.asm
                  CCP1CON   0x000fbb       data     extern E:\3.46\pic18-lt\cxx-framework\src\traditional\proc\p18f65k90.asm
                   CCPR1L   0x000fbc       data     extern E:\3.46\pic18-lt\cxx-framework\src\traditional\proc\p18f65k90.asm
                    CCPR1   0x000fbc       data     extern E:\3.46\pic18-lt\cxx-framework\src\traditional\proc\p18f65k90.asm
                   CCPR1H   0x000fbd       data     extern E:\3.46\pic18-lt\cxx-framework\src\traditional\proc\p18f65k90.asm
              PWM1CONbits   0x000fbe       data     extern E:\3.46\pic18-lt\cxx-framework\src\traditional\proc\p18f65k90.asm
                  PWM1CON   0x000fbe       data     extern E:\3.46\pic18-lt\cxx-framework\src\traditional\proc\p18f65k90.asm
             ECCP1DELbits   0x000fbe       data     extern E:\3.46\pic18-lt\cxx-framework\src\traditional\proc\p18f65k90.asm
                 ECCP1DEL   0x000fbe       data     extern E:\3.46\pic18-lt\cxx-framework\src\traditional\proc\p18f65k90.asm
              ECCP1ASbits   0x000fbf       data     extern E:\3.46\pic18-lt\cxx-framework\src\traditional\proc\p18f65k90.asm
                  ECCP1AS   0x000fbf       data     extern E:\3.46\pic18-lt\cxx-framework\src\traditional\proc\p18f65k90.asm
                   ADCON2   0x000fc0       data     extern E:\3.46\pic18-lt\cxx-framework\src\traditional\proc\p18f65k90.asm
               ADCON2bits   0x000fc0       data     extern E:\3.46\pic18-lt\cxx-framework\src\traditional\proc\p18f65k90.asm
                   ADCON1   0x000fc1       data     extern E:\3.46\pic18-lt\cxx-framework\src\traditional\proc\p18f65k90.asm
               ADCON1bits   0x000fc1       data     extern E:\3.46\pic18-lt\cxx-framework\src\traditional\proc\p18f65k90.asm
                   ADCON0   0x000fc2       data     extern E:\3.46\pic18-lt\cxx-framework\src\traditional\proc\p18f65k90.asm
               ADCON0bits   0x000fc2       data     extern E:\3.46\pic18-lt\cxx-framework\src\traditional\proc\p18f65k90.asm
                    ADRES   0x000fc3       data     extern E:\3.46\pic18-lt\cxx-framework\src\traditional\proc\p18f65k90.asm
                   ADRESL   0x000fc3       data     extern E:\3.46\pic18-lt\cxx-framework\src\traditional\proc\p18f65k90.asm
                   ADRESH   0x000fc4       data     extern E:\3.46\pic18-lt\cxx-framework\src\traditional\proc\p18f65k90.asm
             SSP1CON2bits   0x000fc5       data     extern E:\3.46\pic18-lt\cxx-framework\src\traditional\proc\p18f65k90.asm
                 SSP1CON2   0x000fc5       data     extern E:\3.46\pic18-lt\cxx-framework\src\traditional\proc\p18f65k90.asm
              SSPCON2bits   0x000fc5       data     extern E:\3.46\pic18-lt\cxx-framework\src\traditional\proc\p18f65k90.asm
                  SSPCON2   0x000fc5       data     extern E:\3.46\pic18-lt\cxx-framework\src\traditional\proc\p18f65k90.asm
                 SSP1CON1   0x000fc6       data     extern E:\3.46\pic18-lt\cxx-framework\src\traditional\proc\p18f65k90.asm
             SSP1CON1bits   0x000fc6       data     extern E:\3.46\pic18-lt\cxx-framework\src\traditional\proc\p18f65k90.asm
                  SSPCON1   0x000fc6       data     extern E:\3.46\pic18-lt\cxx-framework\src\traditional\proc\p18f65k90.asm
              SSPCON1bits   0x000fc6       data     extern E:\3.46\pic18-lt\cxx-framework\src\traditional\proc\p18f65k90.asm
             SSP1STATbits   0x000fc7       data     extern E:\3.46\pic18-lt\cxx-framework\src\traditional\proc\p18f65k90.asm
                 SSP1STAT   0x000fc7       data     extern E:\3.46\pic18-lt\cxx-framework\src\traditional\proc\p18f65k90.asm
                  SSPSTAT   0x000fc7       data     extern E:\3.46\pic18-lt\cxx-framework\src\traditional\proc\p18f65k90.asm
              SSPSTATbits   0x000fc7       data     extern E:\3.46\pic18-lt\cxx-framework\src\traditional\proc\p18f65k90.asm
              SSP1ADDbits   0x000fc8       data     extern E:\3.46\pic18-lt\cxx-framework\src\traditional\proc\p18f65k90.asm
                  SSP1ADD   0x000fc8       data     extern E:\3.46\pic18-lt\cxx-framework\src\traditional\proc\p18f65k90.asm
                   SSPADD   0x000fc8       data     extern E:\3.46\pic18-lt\cxx-framework\src\traditional\proc\p18f65k90.asm
               SSPADDbits   0x000fc8       data     extern E:\3.46\pic18-lt\cxx-framework\src\traditional\proc\p18f65k90.asm
                  SSP1BUF   0x000fc9       data     extern E:\3.46\pic18-lt\cxx-framework\src\traditional\proc\p18f65k90.asm
                   SSPBUF   0x000fc9       data     extern E:\3.46\pic18-lt\cxx-framework\src\traditional\proc\p18f65k90.asm
                    T2CON   0x000fca       data     extern E:\3.46\pic18-lt\cxx-framework\src\traditional\proc\p18f65k90.asm
                T2CONbits   0x000fca       data     extern E:\3.46\pic18-lt\cxx-framework\src\traditional\proc\p18f65k90.asm
                      PR2   0x000fcb       data     extern E:\3.46\pic18-lt\cxx-framework\src\traditional\proc\p18f65k90.asm
                     TMR2   0x000fcc       data     extern E:\3.46\pic18-lt\cxx-framework\src\traditional\proc\p18f65k90.asm
                T1CONbits   0x000fcd       data     extern E:\3.46\pic18-lt\cxx-framework\src\traditional\proc\p18f65k90.asm
                    T1CON   0x000fcd       data     extern E:\3.46\pic18-lt\cxx-framework\src\traditional\proc\p18f65k90.asm
                    TMR1L   0x000fce       data     extern E:\3.46\pic18-lt\cxx-framework\src\traditional\proc\p18f65k90.asm
                    TMR1H   0x000fcf       data     extern E:\3.46\pic18-lt\cxx-framework\src\traditional\proc\p18f65k90.asm
                     RCON   0x000fd0       data     extern E:\3.46\pic18-lt\cxx-framework\src\traditional\proc\p18f65k90.asm
                 RCONbits   0x000fd0       data     extern E:\3.46\pic18-lt\cxx-framework\src\traditional\proc\p18f65k90.asm
               WDTCONbits   0x000fd1       data     extern E:\3.46\pic18-lt\cxx-framework\src\traditional\proc\p18f65k90.asm
                   WDTCON   0x000fd1       data     extern E:\3.46\pic18-lt\cxx-framework\src\traditional\proc\p18f65k90.asm
                 IPR5bits   0x000fd2       data     extern E:\3.46\pic18-lt\cxx-framework\src\traditional\proc\p18f65k90.asm
                     IPR5   0x000fd2       data     extern E:\3.46\pic18-lt\cxx-framework\src\traditional\proc\p18f65k90.asm
               OSCCONbits   0x000fd3       data     extern E:\3.46\pic18-lt\cxx-framework\src\traditional\proc\p18f65k90.asm
                   OSCCON   0x000fd3       data     extern E:\3.46\pic18-lt\cxx-framework\src\traditional\proc\p18f65k90.asm
                  SPBRGH1   0x000fd4       data     extern E:\3.46\pic18-lt\cxx-framework\src\traditional\proc\p18f65k90.asm
                T0CONbits   0x000fd5       data     extern E:\3.46\pic18-lt\cxx-framework\src\traditional\proc\p18f65k90.asm
                    T0CON   0x000fd5       data     extern E:\3.46\pic18-lt\cxx-framework\src\traditional\proc\p18f65k90.asm
                    TMR0L   0x000fd6       data     extern E:\3.46\pic18-lt\cxx-framework\src\traditional\proc\p18f65k90.asm
                    TMR0H   0x000fd7       data     extern E:\3.46\pic18-lt\cxx-framework\src\traditional\proc\p18f65k90.asm
               STATUSbits   0x000fd8       data     extern E:\3.46\pic18-lt\cxx-framework\src\traditional\proc\p18f65k90.asm
                   STATUS   0x000fd8       data     extern E:\3.46\pic18-lt\cxx-framework\src\traditional\proc\p18f65k90.asm
                    FSR2L   0x000fd9       data     extern E:\3.46\pic18-lt\cxx-framework\src\traditional\proc\p18f65k90.asm
                     FSR2   0x000fd9       data     extern E:\3.46\pic18-lt\cxx-framework\src\traditional\proc\p18f65k90.asm
                    FSR2H   0x000fda       data     extern E:\3.46\pic18-lt\cxx-framework\src\traditional\proc\p18f65k90.asm
                   PLUSW2   0x000fdb       data     extern E:\3.46\pic18-lt\cxx-framework\src\traditional\proc\p18f65k90.asm
                  PREINC2   0x000fdc       data     extern E:\3.46\pic18-lt\cxx-framework\src\traditional\proc\p18f65k90.asm
                 POSTDEC2   0x000fdd       data     extern E:\3.46\pic18-lt\cxx-framework\src\traditional\proc\p18f65k90.asm
                 POSTINC2   0x000fde       data     extern E:\3.46\pic18-lt\cxx-framework\src\traditional\proc\p18f65k90.asm
                    INDF2   0x000fdf       data     extern E:\3.46\pic18-lt\cxx-framework\src\traditional\proc\p18f65k90.asm
                      BSR   0x000fe0       data     extern E:\3.46\pic18-lt\cxx-framework\src\traditional\proc\p18f65k90.asm
                    FSR1L   0x000fe1       data     extern E:\3.46\pic18-lt\cxx-framework\src\traditional\proc\p18f65k90.asm
                     FSR1   0x000fe1       data     extern E:\3.46\pic18-lt\cxx-framework\src\traditional\proc\p18f65k90.asm
                    FSR1H   0x000fe2       data     extern E:\3.46\pic18-lt\cxx-framework\src\traditional\proc\p18f65k90.asm
                   PLUSW1   0x000fe3       data     extern E:\3.46\pic18-lt\cxx-framework\src\traditional\proc\p18f65k90.asm
                  PREINC1   0x000fe4       data     extern E:\3.46\pic18-lt\cxx-framework\src\traditional\proc\p18f65k90.asm
                 POSTDEC1   0x000fe5       data     extern E:\3.46\pic18-lt\cxx-framework\src\traditional\proc\p18f65k90.asm
                 POSTINC1   0x000fe6       data     extern E:\3.46\pic18-lt\cxx-framework\src\traditional\proc\p18f65k90.asm
                    INDF1   0x000fe7       data     extern E:\3.46\pic18-lt\cxx-framework\src\traditional\proc\p18f65k90.asm
                     WREG   0x000fe8       data     extern E:\3.46\pic18-lt\cxx-framework\src\traditional\proc\p18f65k90.asm
                     FSR0   0x000fe9       data     extern E:\3.46\pic18-lt\cxx-framework\src\traditional\proc\p18f65k90.asm
                    FSR0L   0x000fe9       data     extern E:\3.46\pic18-lt\cxx-framework\src\traditional\proc\p18f65k90.asm
                    FSR0H   0x000fea       data     extern E:\3.46\pic18-lt\cxx-framework\src\traditional\proc\p18f65k90.asm
                   PLUSW0   0x000feb       data     extern E:\3.46\pic18-lt\cxx-framework\src\traditional\proc\p18f65k90.asm
                  PREINC0   0x000fec       data     extern E:\3.46\pic18-lt\cxx-framework\src\traditional\proc\p18f65k90.asm
                 POSTDEC0   0x000fed       data     extern E:\3.46\pic18-lt\cxx-framework\src\traditional\proc\p18f65k90.asm
                 POSTINC0   0x000fee       data     extern E:\3.46\pic18-lt\cxx-framework\src\traditional\proc\p18f65k90.asm
                    INDF0   0x000fef       data     extern E:\3.46\pic18-lt\cxx-framework\src\traditional\proc\p18f65k90.asm
              INTCON3bits   0x000ff0       data     extern E:\3.46\pic18-lt\cxx-framework\src\traditional\proc\p18f65k90.asm
                  INTCON3   0x000ff0       data     extern E:\3.46\pic18-lt\cxx-framework\src\traditional\proc\p18f65k90.asm
              INTCON2bits   0x000ff1       data     extern E:\3.46\pic18-lt\cxx-framework\src\traditional\proc\p18f65k90.asm
                  INTCON2   0x000ff1       data     extern E:\3.46\pic18-lt\cxx-framework\src\traditional\proc\p18f65k90.asm
               INTCONbits   0x000ff2       data     extern E:\3.46\pic18-lt\cxx-framework\src\traditional\proc\p18f65k90.asm
                   INTCON   0x000ff2       data     extern E:\3.46\pic18-lt\cxx-framework\src\traditional\proc\p18f65k90.asm
                     PROD   0x000ff3       data     extern E:\3.46\pic18-lt\cxx-framework\src\traditional\proc\p18f65k90.asm
                    PRODL   0x000ff3       data     extern E:\3.46\pic18-lt\cxx-framework\src\traditional\proc\p18f65k90.asm
                    PRODH   0x000ff4       data     extern E:\3.46\pic18-lt\cxx-framework\src\traditional\proc\p18f65k90.asm
                   TABLAT   0x000ff5       data     extern E:\3.46\pic18-lt\cxx-framework\src\traditional\proc\p18f65k90.asm
                  TBLPTRL   0x000ff6       data     extern E:\3.46\pic18-lt\cxx-framework\src\traditional\proc\p18f65k90.asm
                   TBLPTR   0x000ff6       data     extern E:\3.46\pic18-lt\cxx-framework\src\traditional\proc\p18f65k90.asm
                  TBLPTRH   0x000ff7       data     extern E:\3.46\pic18-lt\cxx-framework\src\traditional\proc\p18f65k90.asm
                  TBLPTRU   0x000ff8       data     extern E:\3.46\pic18-lt\cxx-framework\src\traditional\proc\p18f65k90.asm
                      PCL   0x000ff9       data     extern E:\3.46\pic18-lt\cxx-framework\src\traditional\proc\p18f65k90.asm
                       PC   0x000ff9       data     extern E:\3.46\pic18-lt\cxx-framework\src\traditional\proc\p18f65k90.asm
                   PCLATH   0x000ffa       data     extern E:\3.46\pic18-lt\cxx-framework\src\traditional\proc\p18f65k90.asm
                   PCLATU   0x000ffb       data     extern E:\3.46\pic18-lt\cxx-framework\src\traditional\proc\p18f65k90.asm
               STKPTRbits   0x000ffc       data     extern E:\3.46\pic18-lt\cxx-framework\src\traditional\proc\p18f65k90.asm
                   STKPTR   0x000ffc       data     extern E:\3.46\pic18-lt\cxx-framework\src\traditional\proc\p18f65k90.asm
                     TOSL   0x000ffd       data     extern E:\3.46\pic18-lt\cxx-framework\src\traditional\proc\p18f65k90.asm
                      TOS   0x000ffd       data     extern E:\3.46\pic18-lt\cxx-framework\src\traditional\proc\p18f65k90.asm
                     TOSH   0x000ffe       data     extern E:\3.46\pic18-lt\cxx-framework\src\traditional\proc\p18f65k90.asm
                     TOSU   0x000fff       data     extern E:\3.46\pic18-lt\cxx-framework\src\traditional\proc\p18f65k90.asm


